Component: ARM Compiler 5.05 update 1 (build 106) Tool: armlink [4d0efa]

==============================================================================

Section Cross References

    main.o(.text) refers to hmc5883l.o(.text) for hmc_read_XYZ
    main.o(.text) refers to delay.o(.text) for delay_ms
    main.o(.text) refers to misc.o(.text) for NVIC_PriorityGroupConfig
    main.o(.text) refers to steer_pid.o(.text) for STEER_PID_init
    main.o(.text) refers to usart.o(.text) for uart_init
    main.o(.text) refers to exti.o(.text) for EXTIX_Init
    main.o(.text) refers to hcsr04.o(.text) for hcsr04_init
    main.o(.text) refers to pwm.o(.text) for TIM1_Init
    main.o(.text) refers to stm32f4xx_tim.o(.text) for TIM_SetCompare1
    main.o(.text) refers to iic.o(.text) for i2c_init
    main.o(.text) refers to dflt_clz.o(x$fpl$dflt) for __aeabi_i2d
    main.o(.text) refers to atan2.o(i.__hardfp_atan2) for __hardfp_atan2
    main.o(.text) refers to dmul.o(x$fpl$dmul) for __aeabi_dmul
    main.o(.text) refers to daddsub_clz.o(x$fpl$dadd) for __aeabi_dadd
    main.o(.text) refers to d2f.o(x$fpl$d2f) for __aeabi_d2f
    main.o(.text) refers to motor_pid.o(.text) for motorPID_retreat
    main.o(.text) refers to main.o(.data) for data
    main.o(.text) refers to main.o(.bss) for SD5_PID
    main.o(.text) refers to usart.o(.data) for recive_flag
    system_stm32f4xx.o(.text) refers to system_stm32f4xx.o(.data) for SystemCoreClock
    led.o(.text) refers to stm32f4xx_rcc.o(.text) for RCC_AHB1PeriphClockCmd
    led.o(.text) refers to stm32f4xx_gpio.o(.text) for GPIO_Init
    pwm.o(.text) refers to stm32f4xx_rcc.o(.text) for RCC_APB2PeriphClockCmd
    pwm.o(.text) refers to stm32f4xx_tim.o(.text) for TIM_TimeBaseInit
    pwm.o(.text) refers to misc.o(.text) for NVIC_Init
    pwm.o(.text) refers to stm32f4xx_gpio.o(.text) for GPIO_PinAFConfig
    pwm.o(.text) refers to pwm.o(.data) for speed_count
    motor_pid.o(.text) refers to dflt_clz.o(x$fpl$dflt) for __aeabi_i2d
    motor_pid.o(.text) refers to dmul.o(x$fpl$dmul) for __aeabi_dmul
    motor_pid.o(.text) refers to f2d.o(x$fpl$f2d) for __aeabi_f2d
    motor_pid.o(.text) refers to drleqf.o(x$fpl$drleqf) for __aeabi_cdrcmple
    motor_pid.o(.text) refers to d2f.o(x$fpl$d2f) for __aeabi_d2f
    motor_pid.o(.text) refers to dleqf.o(x$fpl$dleqf) for __aeabi_cdcmple
    motor_pid.o(.text) refers to daddsub_clz.o(x$fpl$drsb) for __aeabi_drsub
    motor_pid.o(.text) refers to dfixu.o(x$fpl$dfixu) for __aeabi_d2uiz
    motor_pid.o(.text) refers to stm32f4xx_tim.o(.text) for TIM_SetCompare1
    motor_pid.o(.text) refers to pwm.o(.data) for speed_count
    motor_pid.o(.text) refers to motor_pid.o(.data) for mLastErr
    iic.o(.text) refers to stm32f4xx_rcc.o(.text) for RCC_AHB1PeriphClockCmd
    iic.o(.text) refers to stm32f4xx_gpio.o(.text) for GPIO_Init
    iic.o(.text) refers to delay.o(.text) for delay_us
    steer_pid.o(.text) refers to f2d.o(x$fpl$f2d) for __aeabi_f2d
    steer_pid.o(.text) refers to dmul.o(x$fpl$dmul) for __aeabi_dmul
    steer_pid.o(.text) refers to d2f.o(x$fpl$d2f) for __aeabi_d2f
    steer_pid.o(.text) refers to stm32f4xx_tim.o(.text) for TIM_SetCompare1
    steer_pid.o(.text) refers to main.o(.data) for angle
    steer_pid.o(.text) refers to steer_pid.o(.data) for mLastErr
    hmc5883l.o(.text) refers to iic.o(.text) for IIC_Start
    hmc5883l.o(.text) refers to delay.o(.text) for delay_ms
    exti.o(.text) refers to stm32f4xx_rcc.o(.text) for RCC_AHB1PeriphClockCmd
    exti.o(.text) refers to stm32f4xx_gpio.o(.text) for GPIO_Init
    exti.o(.text) refers to delay.o(.text) for delay_ms
    exti.o(.text) refers to stm32f4xx_exti.o(.text) for EXTI_ClearITPendingBit
    exti.o(.text) refers to stm32f4xx_syscfg.o(.text) for SYSCFG_EXTILineConfig
    exti.o(.text) refers to misc.o(.text) for NVIC_Init
    hcsr04.o(.text) refers to stm32f4xx_rcc.o(.text) for RCC_AHB1PeriphClockCmd
    hcsr04.o(.text) refers to stm32f4xx_gpio.o(.text) for GPIO_Init
    hcsr04.o(.text) refers to delay.o(.text) for delay_us
    delay.o(.text) refers to misc.o(.text) for SysTick_CLKSourceConfig
    delay.o(.text) refers to delay.o(.data) for fac_us
    usart.o(.rev16_text) refers (Special) to use_no_semi_2.o(.text) for __use_no_semihosting
    usart.o(.revsh_text) refers (Special) to use_no_semi_2.o(.text) for __use_no_semihosting
    usart.o(.rrx_text) refers (Special) to use_no_semi_2.o(.text) for __use_no_semihosting
    usart.o(.text) refers (Special) to use_no_semi_2.o(.text) for __use_no_semihosting
    usart.o(.text) refers to stm32f4xx_rcc.o(.text) for RCC_AHB1PeriphClockCmd
    usart.o(.text) refers to stm32f4xx_gpio.o(.text) for GPIO_PinAFConfig
    usart.o(.text) refers to stm32f4xx_usart.o(.text) for USART_Init
    usart.o(.text) refers to misc.o(.text) for NVIC_Init
    usart.o(.text) refers to delay.o(.text) for delay_ms
    usart.o(.text) refers to usart.o(.data) for i
    usart.o(.text) refers to usart.o(.bss) for USART_RX_BUF
[...]
    ../clib/signal.c                         0x00000000   Number         0  defsig_exit.o ABSOLUTE
    ../clib/signal.c                         0x00000000   Number         0  defsig_rtmem_inner.o ABSOLUTE
    ../clib/signal.c                         0x00000000   Number         0  __raise.o ABSOLUTE
    ../clib/signal.c                         0x00000000   Number         0  defsig_fpe_inner.o ABSOLUTE
    ../clib/signal.c                         0x00000000   Number         0  defsig_rtmem_formal.o ABSOLUTE
    ../clib/signal.c                         0x00000000   Number         0  defsig_rtred_inner.o ABSOLUTE
    ../clib/signal.c                         0x00000000   Number         0  defsig_general.o ABSOLUTE
    ../clib/signal.c                         0x00000000   Number         0  defsig_abrt_inner.o ABSOLUTE
    ../clib/signal.s                         0x00000000   Number         0  defsig.o ABSOLUTE
    ../clib/stdlib.c                         0x00000000   Number         0  exit.o ABSOLUTE
    ../fplib/basic.s                         0x00000000   Number         0  basic.o ABSOLUTE
    ../fplib/d2f.s                           0x00000000   Number         0  d2f.o ABSOLUTE
    ../fplib/daddsub.s                       0x00000000   Number         0  daddsub_clz.o ABSOLUTE
    ../fplib/dcmpi.s                         0x00000000   Number         0  dcmpi.o ABSOLUTE
    ../fplib/ddiv.s                          0x00000000   Number         0  ddiv.o ABSOLUTE
    ../fplib/dfixu.s                         0x00000000   Number         0  dfixu.o ABSOLUTE
    ../fplib/dflt.s                          0x00000000   Number         0  dflt_clz.o ABSOLUTE
    ../fplib/dleqf.s                         0x00000000   Number         0  dleqf.o ABSOLUTE
    ../fplib/dmul.s                          0x00000000   Number         0  dmul.o ABSOLUTE
    ../fplib/dnaninf.s                       0x00000000   Number         0  dnaninf.o ABSOLUTE
    ../fplib/dretinf.s                       0x00000000   Number         0  dretinf.o ABSOLUTE
    ../fplib/drleqf.s                        0x00000000   Number         0  drleqf.o ABSOLUTE
    ../fplib/f2d.s                           0x00000000   Number         0  f2d.o ABSOLUTE
    ../fplib/fnaninf.s                       0x00000000   Number         0  fnaninf.o ABSOLUTE
    ../fplib/fpinit.s                        0x00000000   Number         0  fpinit.o ABSOLUTE
    ../fplib/fretinf.s                       0x00000000   Number         0  fretinf.o ABSOLUTE
    ../fplib/usenofp.s                       0x00000000   Number         0  usenofp.o ABSOLUTE
    ../mathlib/atan.c                        0x00000000   Number         0  atan.o ABSOLUTE
    ../mathlib/atan.c                        0x00000000   Number         0  atan_x.o ABSOLUTE
    ../mathlib/atan2.c                       0x00000000   Number         0  atan2.o ABSOLUTE
    ../mathlib/atan2.c                       0x00000000   Number         0  atan2_x.o ABSOLUTE
    ../mathlib/dunder.c                      0x00000000   Number         0  dunder.o ABSOLUTE
    ../mathlib/fabs.c                        0x00000000   Number         0  fabs.o ABSOLUTE
    ../mathlib/fpclassify.c                  0x00000000   Number         0  fpclassify.o ABSOLUTE
    ../mathlib/poly.c                        0x00000000   Number         0  poly.o ABSOLUTE
    ../mathlib/qnan.c                        0x00000000   Number         0  qnan.o ABSOLUTE
    ..\CORE\startup_stm32f40_41xxx.s         0x00000000   Number         0  startup_stm32f40_41xxx.o ABSOLUTE
    ..\FWLIB\src\misc.c                      0x00000000   Number         0  misc.o ABSOLUTE
    ..\FWLIB\src\stm32f4xx_exti.c            0x00000000   Number         0  stm32f4xx_exti.o ABSOLUTE
    ..\FWLIB\src\stm32f4xx_gpio.c            0x00000000   Number         0  stm32f4xx_gpio.o ABSOLUTE
    ..\FWLIB\src\stm32f4xx_i2c.c             0x00000000   Number         0  stm32f4xx_i2c.o ABSOLUTE
    ..\FWLIB\src\stm32f4xx_rcc.c             0x00000000   Number         0  stm32f4xx_rcc.o ABSOLUTE
    ..\FWLIB\src\stm32f4xx_syscfg.c          0x00000000   Number         0  stm32f4xx_syscfg.o ABSOLUTE
    ..\FWLIB\src\stm32f4xx_tim.c             0x00000000   Number         0  stm32f4xx_tim.o ABSOLUTE
    ..\FWLIB\src\stm32f4xx_usart.c           0x00000000   Number         0  stm32f4xx_usart.o ABSOLUTE
    ..\HARDWARE\EXTI\exti.c                  0x00000000   Number         0  exti.o ABSOLUTE
    ..\HARDWARE\HCSR04\hcsr04.c              0x00000000   Number         0  hcsr04.o ABSOLUTE
    ..\HARDWARE\IIC\hmc5883l.c               0x00000000   Number         0  hmc5883l.o ABSOLUTE
    ..\HARDWARE\IIC\iic.c                    0x00000000   Number         0  iic.o ABSOLUTE
    ..\HARDWARE\LED\led.c                    0x00000000   Number         0  led.o ABSOLUTE
    ..\HARDWARE\Motor_PID\motor_pid.c        0x00000000   Number         0  motor_pid.o ABSOLUTE
    ..\HARDWARE\PWM\pwm.c                    0x00000000   Number         0  pwm.o ABSOLUTE
    ..\HARDWARE\Steer_PID\steer_pid.c        0x00000000   Number         0  steer_pid.o ABSOLUTE
    ..\SYSTEM\delay\delay.c                  0x00000000   Number         0  delay.o ABSOLUTE
    ..\SYSTEM\sys\sys.c                      0x00000000   Number         0  sys.o ABSOLUTE
    ..\SYSTEM\usart\usart.c                  0x00000000   Number         0  usart.o ABSOLUTE
    ..\\FWLIB\\src\\misc.c                   0x00000000   Number         0  misc.o ABSOLUTE
    ..\\FWLIB\\src\\stm32f4xx_exti.c         0x00000000   Number         0  stm32f4xx_exti.o ABSOLUTE
    ..\\FWLIB\\src\\stm32f4xx_gpio.c         0x00000000   Number         0  stm32f4xx_gpio.o ABSOLUTE
    ..\\FWLIB\\src\\stm32f4xx_i2c.c          0x00000000   Number         0  stm32f4xx_i2c.o ABSOLUTE
    ..\\FWLIB\\src\\stm32f4xx_rcc.c          0x00000000   Number         0  stm32f4xx_rcc.o ABSOLUTE
    ..\\FWLIB\\src\\stm32f4xx_syscfg.c       0x00000000   Number         0  stm32f4xx_syscfg.o ABSOLUTE
    ..\\FWLIB\\src\\stm32f4xx_tim.c          0x00000000   Number         0  stm32f4xx_tim.o ABSOLUTE
    ..\\FWLIB\\src\\stm32f4xx_usart.c        0x00000000   Number         0  stm32f4xx_usart.o ABSOLUTE
    ..\\HARDWARE\\EXTI\\exti.c               0x00000000   Number         0  exti.o ABSOLUTE
    ..\\HARDWARE\\HCSR04\\hcsr04.c           0x00000000   Number         0  hcsr04.o ABSOLUTE
    ..\\HARDWARE\\IIC\\hmc5883l.c            0x00000000   Number         0  hmc5883l.o ABSOLUTE
    ..\\HARDWARE\\IIC\\iic.c                 0x00000000   Number         0  iic.o ABSOLUTE
    ..\\HARDWARE\\LED\\led.c                 0x00000000   Number         0  led.o ABSOLUTE
    ..\\HARDWARE\\Motor_PID\\motor_pid.c     0x00000000   Number         0  motor_pid.o ABSOLUTE
    ..\\HARDWARE\\PWM\\pwm.c                 0x00000000   Number         0  pwm.o ABSOLUTE
    ..\\HARDWARE\\Steer_PID\\steer_pid.c     0x00000000   Number         0  steer_pid.o ABSOLUTE
    ..\\SYSTEM\\delay\\delay.c               0x00000000   Number         0  delay.o ABSOLUTE
    ..\\SYSTEM\\sys\\sys.c                   0x00000000   Number         0  sys.o ABSOLUTE
    ..\\SYSTEM\\usart\\usart.c               0x00000000   Number         0  usart.o ABSOLUTE
    dc.s                                     0x00000000   Number         0  dc.o ABSOLUTE
    main.c                                   0x00000000   Number         0  main.o ABSOLUTE
    main.c                                   0x00000000   Number         0  main.o ABSOLUTE
    stm32f4xx_it.c                           0x00000000   Number         0  stm32f4xx_it.o ABSOLUTE
    stm32f4xx_it.c                           0x00000000   Number         0  stm32f4xx_it.o ABSOLUTE
    system_stm32f4xx.c                       0x00000000   Number         0  system_stm32f4xx.o ABSOLUTE
    system_stm32f4xx.c                       0x00000000   Number         0  system_stm32f4xx.o ABSOLUTE
    RESET                                    0x08000000   Section      392  startup_stm32f40_41xxx.o(RESET)
    !!!main                                  0x08000188   Section        8  __main.o(!!!main)
    !!!scatter                               0x08000190   Section       52  __scatter.o(!!!scatter)
    !!handler_copy                           0x080001c4   Section       26  __scatter_copy.o(!!handler_copy)
    !!handler_zi                             0x080001e0   Section       28  __scatter_zi.o(!!handler_zi)
    .ARM.Collect$$libinit$$00000000          0x080001fc   Section        2  libinit.o(.ARM.Collect$$libinit$$00000000)
    .ARM.Collect$$libinit$$00000001          0x080001fe   Section        4  libinit2.o(.ARM.Collect$$libinit$$00000001)
    .ARM.Collect$$libinit$$00000004          0x08000202   Section        0  libinit2.o(.ARM.Collect$$libinit$$00000004)
    .ARM.Collect$$libinit$$0000000A          0x08000202   Section        0  libinit2.o(.ARM.Collect$$libinit$$0000000A)
    .ARM.Collect$$libinit$$0000000C          0x08000202   Section        0  libinit2.o(.ARM.Collect$$libinit$$0000000C)
    .ARM.Collect$$libinit$$0000000E          0x08000202   Section        0  libinit2.o(.ARM.Collect$$libinit$$0000000E)
    .ARM.Collect$$libinit$$00000011          0x08000202   Section        0  libinit2.o(.ARM.Collect$$libinit$$00000011)
    .ARM.Collect$$libinit$$00000013          0x08000202   Section        0  libinit2.o(.ARM.Collect$$libinit$$00000013)
    .ARM.Collect$$libinit$$00000015          0x08000202   Section        0  libinit2.o(.ARM.Collect$$libinit$$00000015)
    .ARM.Collect$$libinit$$00000017          0x08000202   Section        0  libinit2.o(.ARM.Collect$$libinit$$00000017)
    .ARM.Collect$$libinit$$00000019          0x08000202   Section        0  libinit2.o(.ARM.Collect$$libinit$$00000019)
    .ARM.Collect$$libinit$$0000001B          0x08000202   Section        0  libinit2.o(.ARM.Collect$$libinit$$0000001B)
    .ARM.Collect$$libinit$$0000001D          0x08000202   Section        0  libinit2.o(.ARM.Collect$$libinit$$0000001D)
    .ARM.Collect$$libinit$$0000001F          0x08000202   Section        0  libinit2.o(.ARM.Collect$$libinit$$0000001F)
    .ARM.Collect$$libinit$$00000021          0x08000202   Section        0  libinit2.o(.ARM.Collect$$libinit$$00000021)
    .ARM.Collect$$libinit$$00000023          0x08000202   Section        0  libinit2.o(.ARM.Collect$$libinit$$00000023)
    .ARM.Collect$$libinit$$00000025          0x08000202   Section        0  libinit2.o(.ARM.Collect$$libinit$$00000025)
    .ARM.Collect$$libinit$$0000002C          0x08000202   Section        0  libinit2.o(.ARM.Collect$$libinit$$0000002C)
    .ARM.Collect$$libinit$$0000002E          0x08000202   Section        0  libinit2.o(.ARM.Collect$$libinit$$0000002E)
    .ARM.Collect$$libinit$$00000030          0x08000202   Section        0  libinit2.o(.ARM.Collect$$libinit$$00000030)
    .ARM.Collect$$libinit$$00000032          0x08000202   Section        0  libinit2.o(.ARM.Collect$$libinit$$00000032)
    .ARM.Collect$$libinit$$00000033          0x08000202   Section        2  libinit2.o(.ARM.Collect$$libinit$$00000033)
    .ARM.Collect$$libshutdown$$00000000      0x08000204   Section        2  libshutdown.o(.ARM.Collect$$libshutdown$$00000000)
    .ARM.Collect$$libshutdown$$00000003      0x08000206   Section        0  libshutdown2.o(.ARM.Collect$$libshutdown$$00000003)
    .ARM.Collect$$libshutdown$$00000006      0x08000206   Section        0  libshutdown2.o(.ARM.Collect$$libshutdown$$00000006)
    .ARM.Collect$$libshutdown$$00000009      0x08000206   Section        0  libshutdown2.o(.ARM.Collect$$libshutdown$$00000009)
    .ARM.Collect$$libshutdown$$0000000B      0x08000206   Section        0  libshutdown2.o(.ARM.Collect$$libshutdown$$0000000B)
    .ARM.Collect$$libshutdown$$0000000E      0x08000206   Section        0  libshutdown2.o(.ARM.Collect$$libshutdown$$0000000E)
    .ARM.Collect$$libshutdown$$0000000F      0x08000206   Section        2  libshutdown2.o(.ARM.Collect$$libshutdown$$0000000F)
    .ARM.Collect$$rtentry$$00000000          0x08000208   Section        0  __rtentry.o(.ARM.Collect$$rtentry$$00000000)
    .ARM.Collect$$rtentry$$00000002          0x08000208   Section        0  __rtentry2.o(.ARM.Collect$$rtentry$$00000002)
    .ARM.Collect$$rtentry$$00000004          0x08000208   Section        6  __rtentry4.o(.ARM.Collect$$rtentry$$00000004)
    .ARM.Collect$$rtentry$$00000009          0x0800020e   Section        0  __rtentry2.o(.ARM.Collect$$rtentry$$00000009)
    .ARM.Collect$$rtentry$$0000000A          0x0800020e   Section        4  __rtentry2.o(.ARM.Collect$$rtentry$$0000000A)
    .ARM.Collect$$rtentry$$0000000C          0x08000212   Section        0  __rtentry2.o(.ARM.Collect$$rtentry$$0000000C)
    .ARM.Collect$$rtentry$$0000000D          0x08000212   Section        8  __rtentry2.o(.ARM.Collect$$rtentry$$0000000D)
    .ARM.Collect$$rtexit$$00000000           0x0800021a   Section        2  rtexit.o(.ARM.Collect$$rtexit$$00000000)
    .ARM.Collect$$rtexit$$00000002           0x0800021c   Section        0  rtexit2.o(.ARM.Collect$$rtexit$$00000002)
    .ARM.Collect$$rtexit$$00000003           0x0800021c   Section        4  rtexit2.o(.ARM.Collect$$rtexit$$00000003)
    .ARM.Collect$$rtexit$$00000004           0x08000220   Section        6  rtexit2.o(.ARM.Collect$$rtexit$$00000004)
    .text                                    0x08000228   Section        0  main.o(.text)
    .text                                    0x08000934   Section        0  stm32f4xx_it.o(.text)
    .text                                    0x08000950   Section        0  system_stm32f4xx.o(.text)
    SetSysClock                              0x08000951   Thumb Code   220  system_stm32f4xx.o(.text)
    .text                                    0x08000b60   Section        0  pwm.o(.text)
    .text                                    0x08000f44   Section        0  motor_pid.o(.text)
    .text                                    0x08001350   Section        0  iic.o(.text)
    .text                                    0x080015ac   Section        0  steer_pid.o(.text)
    .text                                    0x08001764   Section        0  hmc5883l.o(.text)
    .text                                    0x08001844   Section        0  exti.o(.text)
    .text                                    0x08001908   Section        0  hcsr04.o(.text)
    .text                                    0x08001990   Section        0  delay.o(.text)
    .text                                    0x08001a94   Section        0  usart.o(.text)
    .text                                    0x08001c58   Section       64  startup_stm32f40_41xxx.o(.text)
    $v0                                      0x08001c58   Number         0  startup_stm32f40_41xxx.o(.text)
    .text                                    0x08001c98   Section        0  misc.o(.text)
    .text                                    0x08001d78   Section        0  stm32f4xx_gpio.o(.text)
    .text                                    0x0800200c   Section        0  stm32f4xx_usart.o(.text)
    .text                                    0x08002460   Section        0  stm32f4xx_tim.o(.text)
    TI4_Config                               0x08002bff   Thumb Code    80  stm32f4xx_tim.o(.text)
    TI3_Config                               0x08002c61   Thumb Code    72  stm32f4xx_tim.o(.text)
    TI2_Config                               0x08002cc3   Thumb Code    90  stm32f4xx_tim.o(.text)
    TI1_Config                               0x08002d2f   Thumb Code    58  stm32f4xx_tim.o(.text)
    .text                                    0x08003104   Section        0  stm32f4xx_syscfg.o(.text)
    .text                                    0x08003198   Section        0  stm32f4xx_rcc.o(.text)
    .text                                    0x080037f4   Section        0  stm32f4xx_exti.o(.text)
    .text                                    0x08003904   Section        2  use_no_semi_2.o(.text)
    .text                                    0x08003906   Section        0  heapauxi.o(.text)
    .text                                    0x0800390c   Section        2  use_no_semi.o(.text)
    .text                                    0x08003910   Section        8  libspace.o(.text)
    .text                                    0x08003918   Section       74  sys_stackheap_outer.o(.text)
    .text                                    0x08003962   Section        0  exit.o(.text)
    i.__ARM_fpclassify                       0x0800396e   Section        0  fpclassify.o(i.__ARM_fpclassify)
    i.__hardfp_atan                          0x080039a0   Section        0  atan.o(i.__hardfp_atan)
    i.__hardfp_atan2                         0x08003c78   Section        0  atan2.o(i.__hardfp_atan2)
    i.__kernel_poly                          0x08003e68   Section        0  poly.o(i.__kernel_poly)
    i.__mathlib_dbl_infnan                   0x08003f60   Section        0  dunder.o(i.__mathlib_dbl_infnan)
    i.__mathlib_dbl_infnan2                  0x08003f74   Section        0  dunder.o(i.__mathlib_dbl_infnan2)
    i.__mathlib_dbl_underflow                0x08003f88   Section        0  dunder.o(i.__mathlib_dbl_underflow)
    i.atan                                   0x08003fa8   Section        0  atan.o(i.atan)
    i.fabs                                   0x08003fb8   Section        0  fabs.o(i.fabs)
    x$fpl$basic                              0x08003fd0   Section       24  basic.o(x$fpl$basic)
    $v0                                      0x08003fd0   Number         0  basic.o(x$fpl$basic)
    x$fpl$d2f                                0x08003fe8   Section       98  d2f.o(x$fpl$d2f)
    $v0                                      0x08003fe8   Number         0  d2f.o(x$fpl$d2f)
    x$fpl$dadd                               0x0800404c   Section      336  daddsub_clz.o(x$fpl$dadd)
    $v0                                      0x0800404c   Number         0  daddsub_clz.o(x$fpl$dadd)
    _dadd1                                   0x0800405d   Thumb Code     0  daddsub_clz.o(x$fpl$dadd)
    x$fpl$dcmpinf                            0x0800419c   Section       24  dcmpi.o(x$fpl$dcmpinf)
    $v0                                      0x0800419c   Number         0  dcmpi.o(x$fpl$dcmpinf)
    x$fpl$ddiv                               0x080041b4   Section      688  ddiv.o(x$fpl$ddiv)
    $v0                                      0x080041b4   Number         0  ddiv.o(x$fpl$ddiv)
    ddiv_entry                               0x080041bb   Thumb Code     0  ddiv.o(x$fpl$ddiv)
    x$fpl$dfixu                              0x08004464   Section       90  dfixu.o(x$fpl$dfixu)
    $v0                                      0x08004464   Number         0  dfixu.o(x$fpl$dfixu)
    x$fpl$dflt                               0x080044be   Section       46  dflt_clz.o(x$fpl$dflt)
    $v0                                      0x080044be   Number         0  dflt_clz.o(x$fpl$dflt)
    x$fpl$dleqf                              0x080044ec   Section      120  dleqf.o(x$fpl$dleqf)
    $v0                                      0x080044ec   Number         0  dleqf.o(x$fpl$dleqf)
    x$fpl$dmul                               0x08004564   Section      340  dmul.o(x$fpl$dmul)
    $v0                                      0x08004564   Number         0  dmul.o(x$fpl$dmul)
    x$fpl$dnaninf                            0x080046b8   Section      156  dnaninf.o(x$fpl$dnaninf)
    $v0                                      0x080046b8   Number         0  dnaninf.o(x$fpl$dnaninf)
    x$fpl$dretinf                            0x08004754   Section       12  dretinf.o(x$fpl$dretinf)
    $v0                                      0x08004754   Number         0  dretinf.o(x$fpl$dretinf)
    x$fpl$drleqf                             0x08004760   Section      108  drleqf.o(x$fpl$drleqf)
    $v0                                      0x08004760   Number         0  drleqf.o(x$fpl$drleqf)
    x$fpl$drsb                               0x080047cc   Section       22  daddsub_clz.o(x$fpl$drsb)
    $v0                                      0x080047cc   Number         0  daddsub_clz.o(x$fpl$drsb)
    x$fpl$dsub                               0x080047e4   Section      468  daddsub_clz.o(x$fpl$dsub)
    $v0                                      0x080047e4   Number         0  daddsub_clz.o(x$fpl$dsub)
    _dsub1                                   0x080047f5   Thumb Code     0  daddsub_clz.o(x$fpl$dsub)
    x$fpl$f2d                                0x080049b8   Section       86  f2d.o(x$fpl$f2d)
    $v0                                      0x080049b8   Number         0  f2d.o(x$fpl$f2d)
    x$fpl$fnaninf                            0x08004a0e   Section      140  fnaninf.o(x$fpl$fnaninf)
    $v0                                      0x08004a0e   Number         0  fnaninf.o(x$fpl$fnaninf)
    x$fpl$fpinit                             0x08004a9a   Section       10  fpinit.o(x$fpl$fpinit)
    $v0                                      0x08004a9a   Number         0  fpinit.o(x$fpl$fpinit)
    x$fpl$fretinf                            0x08004aa4   Section       10  fretinf.o(x$fpl$fretinf)
    $v0                                      0x08004aa4   Number         0  fretinf.o(x$fpl$fretinf)
    x$fpl$usenofp                            0x08004aae   Section        0  usenofp.o(x$fpl$usenofp)
    .constdata                               0x08004ab0   Section      152  atan.o(.constdata)
    atanhi                                   0x08004ab0   Data          32  atan.o(.constdata)
    atanlo                                   0x08004ad0   Data          32  atan.o(.constdata)
    aTodd                                    0x08004af0   Data          40  atan.o(.constdata)
    aTeven                                   0x08004b18   Data          48  atan.o(.constdata)
    .constdata                               0x08004b48   Section        8  qnan.o(.constdata)
    .data                                    0x20000000   Section       28  main.o(.data)
    .data                                    0x2000001c   Section       20  system_stm32f4xx.o(.data)
    .data                                    0x20000030   Section       31  pwm.o(.data)
    TIM1CH1_CAPTURE_STA1                     0x20000040   Data           4  pwm.o(.data)
    TIM1CH1_CAPTURE_VAL1                     0x20000044   Data           2  pwm.o(.data)
    TIM1CH1_CAPTURE_STA2                     0x20000048   Data           4  pwm.o(.data)
    TIM1CH1_CAPTURE_VAL2                     0x2000004c   Data           2  pwm.o(.data)
    TimCapFlag1                              0x2000004e   Data           1  pwm.o(.data)
    .data                                    0x20000050   Section       32  motor_pid.o(.data)
    mLastErr                                 0x20000050   Data           4  motor_pid.o(.data)
    mLastlastErr                             0x20000054   Data           4  motor_pid.o(.data)
    OUT_speed                                0x20000058   Data           4  motor_pid.o(.data)
    mLastSpeedOut                            0x2000005c   Data           4  motor_pid.o(.data)
    mLastErr                                 0x20000060   Data           4  motor_pid.o(.data)
    mLastlastErr                             0x20000064   Data           4  motor_pid.o(.data)
    OUT_speed                                0x20000068   Data           4  motor_pid.o(.data)
    mLastSpeedOut                            0x2000006c   Data           4  motor_pid.o(.data)
    .data                                    0x20000070   Section       12  steer_pid.o(.data)
    mLastErr                                 0x20000070   Data           4  steer_pid.o(.data)
    mLastlastErr                             0x20000074   Data           4  steer_pid.o(.data)
    mLastAngleOut                            0x20000078   Data           4  steer_pid.o(.data)
    .data                                    0x2000007c   Section        4  delay.o(.data)
    fac_us                                   0x2000007c   Data           1  delay.o(.data)
    fac_ms                                   0x2000007e   Data           2  delay.o(.data)
    .data                                    0x20000080   Section       15  usart.o(.data)
    .data                                    0x2000008f   Section       16  stm32f4xx_rcc.o(.data)
    APBAHBPrescTable                         0x2000008f   Data          16  stm32f4xx_rcc.o(.data)
    .bss                                     0x200000a0   Section       12  main.o(.bss)
    .bss                                     0x200000ac   Section      200  usart.o(.bss)
    .bss                                     0x20000174   Section       96  libspace.o(.bss)
    HEAP                                     0x200001d8   Section      512  startup_stm32f40_41xxx.o(HEAP)
    Heap_Mem                                 0x200001d8   Data         512  startup_stm32f40_41xxx.o(HEAP)
    STACK                                    0x200003d8   Section     1024  startup_stm32f40_41xxx.o(STACK)
    Stack_Mem                                0x200003d8   Data        1024  startup_stm32f40_41xxx.o(STACK)
    __initial_sp                             0x200007d8   Data           0  startup_stm32f40_41xxx.o(STACK)

    Global Symbols

    Symbol Name                              Value     Ov Type        Size  Object(Section)

    BuildAttributes$$THM_ISAv4$E$P$D$K$B$S$7EM$VFPi3$EXTD16$VFPS$VFMA$PE$A:L22UL41UL21$X:L11$S22US41US21$IEEE1$IW$USESV6$~STKCKD$USESV7$~SHL$OTIME$ROPI$IEEEX$EBA8$UX$STANDARDLIB$REQ8$PRES8$EABIv2 0x00000000   Number         0  anon$$obj.o ABSOLUTE
    __ARM_use_no_argv                        0x00000000   Number         0  main.o ABSOLUTE
    __ARM_exceptions_init                     - Undefined Weak Reference
    __alloca_initialize                       - Undefined Weak Reference
    __arm_preinit_                            - Undefined Weak Reference
    __cpp_initialize__aeabi_                  - Undefined Weak Reference
    __cxa_finalize                            - Undefined Weak Reference
    __rt_locale                               - Undefined Weak Reference
    __sigvec_lookup                           - Undefined Weak Reference
    _atexit_init                              - Undefined Weak Reference
    _call_atexit_fns                          - Undefined Weak Reference
    _clock_init                               - Undefined Weak Reference
    _fp_trap_init                             - Undefined Weak Reference
    _fp_trap_shutdown                         - Undefined Weak Reference
    _get_lc_collate                           - Undefined Weak Reference
    _get_lc_ctype                             - Undefined Weak Reference
    _get_lc_monetary                          - Undefined Weak Reference
    _get_lc_numeric                           - Undefined Weak Reference
    _get_lc_time                              - Undefined Weak Reference
    _getenv_init                              - Undefined Weak Reference
    _handle_redirection                       - Undefined Weak Reference
    _init_alloc                               - Undefined Weak Reference
    _init_user_alloc                          - Undefined Weak Reference
    _initio                                   - Undefined Weak Reference
    _rand_init                                - Undefined Weak Reference
    _signal_finish                            - Undefined Weak Reference
    _signal_init                              - Undefined Weak Reference
    _terminate_alloc                          - Undefined Weak Reference
    _terminate_user_alloc                     - Undefined Weak Reference
    _terminateio                              - Undefined Weak Reference
    __Vectors_Size                           0x00000188   Number         0  startup_stm32f40_41xxx.o ABSOLUTE
    __Vectors                                0x08000000   Data           4  startup_stm32f40_41xxx.o(RESET)
    __Vectors_End                            0x08000188   Data           0  startup_stm32f40_41xxx.o(RESET)
    __main                                   0x08000189   Thumb Code     8  __main.o(!!!main)
    __scatterload                            0x08000191   Thumb Code     0  __scatter.o(!!!scatter)
    __scatterload_rt2                        0x08000191   Thumb Code    44  __scatter.o(!!!scatter)
    __scatterload_rt2_thumb_only             0x08000191   Thumb Code     0  __scatter.o(!!!scatter)
    __scatterload_null                       0x0800019f   Thumb Code     0  __scatter.o(!!!scatter)
    __scatterload_copy                       0x080001c5   Thumb Code    26  __scatter_copy.o(!!handler_copy)
    __scatterload_zeroinit                   0x080001e1   Thumb Code    28  __scatter_zi.o(!!handler_zi)
    __rt_lib_init                            0x080001fd   Thumb Code     0  libinit.o(.ARM.Collect$$libinit$$00000000)
    __rt_lib_init_fp_1                       0x080001ff   Thumb Code     0  libinit2.o(.ARM.Collect$$libinit$$00000001)
    __rt_lib_init_alloca_1                   0x08000203   Thumb Code     0  libinit2.o(.ARM.Collect$$libinit$$0000002E)
    __rt_lib_init_argv_1                     0x08000203   Thumb Code     0  libinit2.o(.ARM.Collect$$libinit$$0000002C)
    __rt_lib_init_atexit_1                   0x08000203   Thumb Code     0  libinit2.o(.ARM.Collect$$libinit$$0000001B)
    __rt_lib_init_clock_1                    0x08000203   Thumb Code     0  libinit2.o(.ARM.Collect$$libinit$$00000021)
    __rt_lib_init_cpp_1                      0x08000203   Thumb Code     0  libinit2.o(.ARM.Collect$$libinit$$00000032)
    __rt_lib_init_exceptions_1               0x08000203   Thumb Code     0  libinit2.o(.ARM.Collect$$libinit$$00000030)
    __rt_lib_init_fp_trap_1                  0x08000203   Thumb Code     0  libinit2.o(.ARM.Collect$$libinit$$0000001F)
    __rt_lib_init_getenv_1                   0x08000203   Thumb Code     0  libinit2.o(.ARM.Collect$$libinit$$00000023)
    __rt_lib_init_heap_1                     0x08000203   Thumb Code     0  libinit2.o(.ARM.Collect$$libinit$$0000000A)
    __rt_lib_init_lc_collate_1               0x08000203   Thumb Code     0  libinit2.o(.ARM.Collect$$libinit$$00000011)
    __rt_lib_init_lc_ctype_1                 0x08000203   Thumb Code     0  libinit2.o(.ARM.Collect$$libinit$$00000013)
    __rt_lib_init_lc_monetary_1              0x08000203   Thumb Code     0  libinit2.o(.ARM.Collect$$libinit$$00000015)
    __rt_lib_init_lc_numeric_1               0x08000203   Thumb Code     0  libinit2.o(.ARM.Collect$$libinit$$00000017)
    __rt_lib_init_lc_time_1                  0x08000203   Thumb Code     0  libinit2.o(.ARM.Collect$$libinit$$00000019)
    __rt_lib_init_preinit_1                  0x08000203   Thumb Code     0  libinit2.o(.ARM.Collect$$libinit$$00000004)
    __rt_lib_init_rand_1                     0x08000203   Thumb Code     0  libinit2.o(.ARM.Collect$$libinit$$0000000E)
    __rt_lib_init_return                     0x08000203   Thumb Code     0  libinit2.o(.ARM.Collect$$libinit$$00000033)
    __rt_lib_init_signal_1                   0x08000203   Thumb Code     0  libinit2.o(.ARM.Collect$$libinit$$0000001D)
    __rt_lib_init_stdio_1                    0x08000203   Thumb Code     0  libinit2.o(.ARM.Collect$$libinit$$00000025)
    __rt_lib_init_user_alloc_1               0x08000203   Thumb Code     0  libinit2.o(.ARM.Collect$$libinit$$0000000C)
    __rt_lib_shutdown                        0x08000205   Thumb Code     0  libshutdown.o(.ARM.Collect$$libshutdown$$00000000)
    __rt_lib_shutdown_fp_trap_1              0x08000207   Thumb Code     0  libshutdown2.o(.ARM.Collect$$libshutdown$$00000006)
    __rt_lib_shutdown_heap_1                 0x08000207   Thumb Code     0  libshutdown2.o(.ARM.Collect$$libshutdown$$0000000E)
    __rt_lib_shutdown_return                 0x08000207   Thumb Code     0  libshutdown2.o(.ARM.Collect$$libshutdown$$0000000F)
    __rt_lib_shutdown_signal_1               0x08000207   Thumb Code     0  libshutdown2.o(.ARM.Collect$$libshutdown$$00000009)
    __rt_lib_shutdown_stdio_1                0x08000207   Thumb Code     0  libshutdown2.o(.ARM.Collect$$libshutdown$$00000003)
    __rt_lib_shutdown_user_alloc_1           0x08000207   Thumb Code     0  libshutdown2.o(.ARM.Collect$$libshutdown$$0000000B)
    __rt_entry                               0x08000209   Thumb Code     0  __rtentry.o(.ARM.Collect$$rtentry$$00000000)
    __rt_entry_presh_1                       0x08000209   Thumb Code     0  __rtentry2.o(.ARM.Collect$$rtentry$$00000002)
    __rt_entry_sh                            0x08000209   Thumb Code     0  __rtentry4.o(.ARM.Collect$$rtentry$$00000004)
    __rt_entry_li                            0x0800020f   Thumb Code     0  __rtentry2.o(.ARM.Collect$$rtentry$$0000000A)
    __rt_entry_postsh_1                      0x0800020f   Thumb Code     0  __rtentry2.o(.ARM.Collect$$rtentry$$00000009)
    __rt_entry_main                          0x08000213   Thumb Code     0  __rtentry2.o(.ARM.Collect$$rtentry$$0000000D)
    __rt_entry_postli_1                      0x08000213   Thumb Code     0  __rtentry2.o(.ARM.Collect$$rtentry$$0000000C)
    __rt_exit                                0x0800021b   Thumb Code     0  rtexit.o(.ARM.Collect$$rtexit$$00000000)
    __rt_exit_ls                             0x0800021d   Thumb Code     0  rtexit2.o(.ARM.Collect$$rtexit$$00000003)
    __rt_exit_prels_1                        0x0800021d   Thumb Code     0  rtexit2.o(.ARM.Collect$$rtexit$$00000002)
    __rt_exit_exit                           0x08000221   Thumb Code     0  rtexit2.o(.ARM.Collect$$rtexit$$00000004)
    calibrate                                0x08000229   Thumb Code   284  main.o(.text)
    main                                     0x08000345   Thumb Code  1474  main.o(.text)
    NMI_Handler                              0x08000935   Thumb Code     2  stm32f4xx_it.o(.text)
    HardFault_Handler                        0x08000937   Thumb Code     4  stm32f4xx_it.o(.text)
    MemManage_Handler                        0x0800093b   Thumb Code     4  stm32f4xx_it.o(.text)
    BusFault_Handler                         0x0800093f   Thumb Code     4  stm32f4xx_it.o(.text)
    UsageFault_Handler                       0x08000943   Thumb Code     4  stm32f4xx_it.o(.text)
    SVC_Handler                              0x08000947   Thumb Code     2  stm32f4xx_it.o(.text)
    DebugMon_Handler                         0x08000949   Thumb Code     2  stm32f4xx_it.o(.text)
    PendSV_Handler                           0x0800094b   Thumb Code     2  stm32f4xx_it.o(.text)
    SysTick_Handler                          0x0800094d   Thumb Code     2  stm32f4xx_it.o(.text)
    SystemInit                               0x08000a2d   Thumb Code    88  system_stm32f4xx.o(.text)
    SystemCoreClockUpdate                    0x08000a85   Thumb Code   174  system_stm32f4xx.o(.text)
    TIM1_Init                                0x08000b61   Thumb Code   128  pwm.o(.text)
    TIM2_Init                                0x08000be1   Thumb Code    90  pwm.o(.text)
    TIM3_PWM_Init                            0x08000c3b   Thumb Code   150  pwm.o(.text)
    TIM4_PWM_Init                            0x08000cd1   Thumb Code   128  pwm.o(.text)
    TIM5_PWM_Init                            0x08000d51   Thumb Code   176  pwm.o(.text)
    TIM2_IRQHandler                          0x08000e01   Thumb Code    44  pwm.o(.text)
    TIM1_UP_TIM10_IRQHandler                 0x08000e2d   Thumb Code    32  pwm.o(.text)
    TIM1_CC_IRQHandler                       0x08000e4d   Thumb Code   190  pwm.o(.text)
    motorPID                                 0x08000f45   Thumb Code   426  motor_pid.o(.text)
    motorPID_retreat                         0x080010ef   Thumb Code   426  motor_pid.o(.text)
    data_process                             0x08001299   Thumb Code   100  motor_pid.o(.text)
    i2c_init                                 0x08001351   Thumb Code    44  iic.o(.text)
    IIC_Start                                0x0800137d   Thumb Code    64  iic.o(.text)
    IIC_Stop                                 0x080013bd   Thumb Code    66  iic.o(.text)
    IIC_Wait_Ack                             0x080013ff   Thumb Code    86  iic.o(.text)
    IIC_Ack                                  0x08001455   Thumb Code    70  iic.o(.text)
    IIC_NAck                                 0x0800149b   Thumb Code    70  iic.o(.text)
    IIC_Send_Byte                            0x080014e1   Thumb Code   104  iic.o(.text)
    IIC_Read_Byte                            0x08001549   Thumb Code    86  iic.o(.text)
    STEER_PID_init                           0x080015ad   Thumb Code    14  steer_pid.o(.text)
    steerPIDA                                0x080015bb   Thumb Code   372  steer_pid.o(.text)
    hmc_write_reg                            0x08001765   Thumb Code    46  hmc5883l.o(.text)
    hmc_read_reg                             0x08001793   Thumb Code    64  hmc5883l.o(.text)
    hmc_read_XYZ                             0x080017d3   Thumb Code    78  hmc5883l.o(.text)
    hmc_init                                 0x08001821   Thumb Code    34  hmc5883l.o(.text)
    BEEP_Init                                0x08001845   Thumb Code    60  exti.o(.text)
    EXTI2_IRQHandler                         0x08001881   Thumb Code    54  exti.o(.text)
    EXTIX_Init                               0x080018b7   Thumb Code    78  exti.o(.text)
    hcsr04_init                              0x08001909   Thumb Code   104  hcsr04.o(.text)
    hcsr04_start                             0x08001971   Thumb Code    26  hcsr04.o(.text)
    delay_init                               0x08001991   Thumb Code    52  delay.o(.text)
    delay_us                                 0x080019c5   Thumb Code    72  delay.o(.text)
    delay_xms                                0x08001a0d   Thumb Code    72  delay.o(.text)
    delay_ms                                 0x08001a55   Thumb Code    56  delay.o(.text)
    _sys_exit                                0x08001a95   Thumb Code     6  usart.o(.text)
    fputc                                    0x08001a9b   Thumb Code    22  usart.o(.text)
    uart_init                                0x08001ab1   Thumb Code   172  usart.o(.text)
    USART1_IRQHandler                        0x08001b5d   Thumb Code   218  usart.o(.text)
    Reset_Handler                            0x08001c59   Thumb Code     8  startup_stm32f40_41xxx.o(.text)
    ADC_IRQHandler                           0x08001c73   Thumb Code     0  startup_stm32f40_41xxx.o(.text)
    CAN1_RX0_IRQHandler                      0x08001c73   Thumb Code     0  startup_stm32f40_41xxx.o(.text)
    CAN1_RX1_IRQHandler                      0x08001c73   Thumb Code     0  startup_stm32f40_41xxx.o(.text)
    CAN1_SCE_IRQHandler                      0x08001c73   Thumb Code     0  startup_stm32f40_41xxx.o(.text)
    CAN1_TX_IRQHandler                       0x08001c73   Thumb Code     0  startup_stm32f40_41xxx.o(.text)
    CAN2_RX0_IRQHandler                      0x08001c73   Thumb Code     0  startup_stm32f40_41xxx.o(.text)
    CAN2_RX1_IRQHandler                      0x08001c73   Thumb Code     0  startup_stm32f40_41xxx.o(.text)
    CAN2_SCE_IRQHandler                      0x08001c73   Thumb Code     0  startup_stm32f40_41xxx.o(.text)
    CAN2_TX_IRQHandler                       0x08001c73   Thumb Code     0  startup_stm32f40_41xxx.o(.text)
    CRYP_IRQHandler                          0x08001c73   Thumb Code     0  startup_stm32f40_41xxx.o(.text)
    DCMI_IRQHandler                          0x08001c73   Thumb Code     0  startup_stm32f40_41xxx.o(.text)
    DMA1_Stream0_IRQHandler                  0x08001c73   Thumb Code     0  startup_stm32f40_41xxx.o(.text)
    DMA1_Stream1_IRQHandler                  0x08001c73   Thumb Code     0  startup_stm32f40_41xxx.o(.text)
    DMA1_Stream2_IRQHandler                  0x08001c73   Thumb Code     0  startup_stm32f40_41xxx.o(.text)
    DMA1_Stream3_IRQHandler                  0x08001c73   Thumb Code     0  startup_stm32f40_41xxx.o(.text)
    DMA1_Stream4_IRQHandler                  0x08001c73   Thumb Code     0  startup_stm32f40_41xxx.o(.text)
    DMA1_Stream5_IRQHandler                  0x08001c73   Thumb Code     0  startup_stm32f40_41xxx.o(.text)
    DMA1_Stream6_IRQHandler                  0x08001c73   Thumb Code     0  startup_stm32f40_41xxx.o(.text)
    DMA1_Stream7_IRQHandler                  0x08001c73   Thumb Code     0  startup_stm32f40_41xxx.o(.text)
    DMA2_Stream0_IRQHandler                  0x08001c73   Thumb Code     0  startup_stm32f40_41xxx.o(.text)
    DMA2_Stream1_IRQHandler                  0x08001c73   Thumb Code     0  startup_stm32f40_41xxx.o(.text)
    DMA2_Stream2_IRQHandler                  0x08001c73   Thumb Code     0  startup_stm32f40_41xxx.o(.text)
    DMA2_Stream3_IRQHandler                  0x08001c73   Thumb Code     0  startup_stm32f40_41xxx.o(.text)
    DMA2_Stream4_IRQHandler                  0x08001c73   Thumb Code     0  startup_stm32f40_41xxx.o(.text)
    DMA2_Stream5_IRQHandler                  0x08001c73   Thumb Code     0  startup_stm32f40_41xxx.o(.text)
    DMA2_Stream6_IRQHandler                  0x08001c73   Thumb Code     0  startup_stm32f40_41xxx.o(.text)
    DMA2_Stream7_IRQHandler                  0x08001c73   Thumb Code     0  startup_stm32f40_41xxx.o(.text)
    ETH_IRQHandler                           0x08001c73   Thumb Code     0  startup_stm32f40_41xxx.o(.text)
    ETH_WKUP_IRQHandler                      0x08001c73   Thumb Code     0  startup_stm32f40_41xxx.o(.text)
    EXTI0_IRQHandler                         0x08001c73   Thumb Code     0  startup_stm32f40_41xxx.o(.text)
    EXTI15_10_IRQHandler                     0x08001c73   Thumb Code     0  startup_stm32f40_41xxx.o(.text)
    EXTI1_IRQHandler                         0x08001c73   Thumb Code     0  startup_stm32f40_41xxx.o(.text)
    EXTI3_IRQHandler                         0x08001c73   Thumb Code     0  startup_stm32f40_41xxx.o(.text)
    EXTI4_IRQHandler                         0x08001c73   Thumb Code     0  startup_stm32f40_41xxx.o(.text)
    EXTI9_5_IRQHandler                       0x08001c73   Thumb Code     0  startup_stm32f40_41xxx.o(.text)
    FLASH_IRQHandler                         0x08001c73   Thumb Code     0  startup_stm32f40_41xxx.o(.text)
    FPU_IRQHandler                           0x08001c73   Thumb Code     0  startup_stm32f40_41xxx.o(.text)
    FSMC_IRQHandler                          0x08001c73   Thumb Code     0  startup_stm32f40_41xxx.o(.text)
    HASH_RNG_IRQHandler                      0x08001c73   Thumb Code     0  startup_stm32f40_41xxx.o(.text)
    I2C1_ER_IRQHandler                       0x08001c73   Thumb Code     0  startup_stm32f40_41xxx.o(.text)
    I2C1_EV_IRQHandler                       0x08001c73   Thumb Code     0  startup_stm32f40_41xxx.o(.text)
    I2C2_ER_IRQHandler                       0x08001c73   Thumb Code     0  startup_stm32f40_41xxx.o(.text)
    I2C2_EV_IRQHandler                       0x08001c73   Thumb Code     0  startup_stm32f40_41xxx.o(.text)
    I2C3_ER_IRQHandler                       0x08001c73   Thumb Code     0  startup_stm32f40_41xxx.o(.text)
    I2C3_EV_IRQHandler                       0x08001c73   Thumb Code     0  startup_stm32f40_41xxx.o(.text)
    OTG_FS_IRQHandler                        0x08001c73   Thumb Code     0  startup_stm32f40_41xxx.o(.text)
    OTG_FS_WKUP_IRQHandler                   0x08001c73   Thumb Code     0  startup_stm32f40_41xxx.o(.text)
    OTG_HS_EP1_IN_IRQHandler                 0x08001c73   Thumb Code     0  startup_stm32f40_41xxx.o(.text)
    OTG_HS_EP1_OUT_IRQHandler                0x08001c73   Thumb Code     0  startup_stm32f40_41xxx.o(.text)
    OTG_HS_IRQHandler                        0x08001c73   Thumb Code     0  startup_stm32f40_41xxx.o(.text)
    OTG_HS_WKUP_IRQHandler                   0x08001c73   Thumb Code     0  startup_stm32f40_41xxx.o(.text)
    PVD_IRQHandler                           0x08001c73   Thumb Code     0  startup_stm32f40_41xxx.o(.text)
    RCC_IRQHandler                           0x08001c73   Thumb Code     0  startup_stm32f40_41xxx.o(.text)
    RTC_Alarm_IRQHandler                     0x08001c73   Thumb Code     0  startup_stm32f40_41xxx.o(.text)
    RTC_WKUP_IRQHandler                      0x08001c73   Thumb Code     0  startup_stm32f40_41xxx.o(.text)
    SDIO_IRQHandler                          0x08001c73   Thumb Code     0  startup_stm32f40_41xxx.o(.text)
    SPI1_IRQHandler                          0x08001c73   Thumb Code     0  startup_stm32f40_41xxx.o(.text)
    SPI2_IRQHandler                          0x08001c73   Thumb Code     0  startup_stm32f40_41xxx.o(.text)
    SPI3_IRQHandler                          0x08001c73   Thumb Code     0  startup_stm32f40_41xxx.o(.text)
    TAMP_STAMP_IRQHandler                    0x08001c73   Thumb Code     0  startup_stm32f40_41xxx.o(.text)
    TIM1_BRK_TIM9_IRQHandler                 0x08001c73   Thumb Code     0  startup_stm32f40_41xxx.o(.text)
    TIM1_TRG_COM_TIM11_IRQHandler            0x08001c73   Thumb Code     0  startup_stm32f40_41xxx.o(.text)
    TIM3_IRQHandler                          0x08001c73   Thumb Code     0  startup_stm32f40_41xxx.o(.text)
    TIM4_IRQHandler                          0x08001c73   Thumb Code     0  startup_stm32f40_41xxx.o(.text)
    TIM5_IRQHandler                          0x08001c73   Thumb Code     0  startup_stm32f40_41xxx.o(.text)
    TIM6_DAC_IRQHandler                      0x08001c73   Thumb Code     0  startup_stm32f40_41xxx.o(.text)
    TIM7_IRQHandler                          0x08001c73   Thumb Code     0  startup_stm32f40_41xxx.o(.text)
    TIM8_BRK_TIM12_IRQHandler                0x08001c73   Thumb Code     0  startup_stm32f40_41xxx.o(.text)
    TIM8_CC_IRQHandler                       0x08001c73   Thumb Code     0  startup_stm32f40_41xxx.o(.text)
    TIM8_TRG_COM_TIM14_IRQHandler            0x08001c73   Thumb Code     0  startup_stm32f40_41xxx.o(.text)
    TIM8_UP_TIM13_IRQHandler                 0x08001c73   Thumb Code     0  startup_stm32f40_41xxx.o(.text)
    UART4_IRQHandler                         0x08001c73   Thumb Code     0  startup_stm32f40_41xxx.o(.text)
    UART5_IRQHandler                         0x08001c73   Thumb Code     0  startup_stm32f40_41xxx.o(.text)
    USART2_IRQHandler                        0x08001c73   Thumb Code     0  startup_stm32f40_41xxx.o(.text)
    USART3_IRQHandler                        0x08001c73   Thumb Code     0  startup_stm32f40_41xxx.o(.text)
    USART6_IRQHandler                        0x08001c73   Thumb Code     0  startup_stm32f40_41xxx.o(.text)
    WWDG_IRQHandler                          0x08001c73   Thumb Code     0  startup_stm32f40_41xxx.o(.text)
    __user_initial_stackheap                 0x08001c75   Thumb Code     0  startup_stm32f40_41xxx.o(.text)
    NVIC_PriorityGroupConfig                 0x08001c99   Thumb Code    10  misc.o(.text)
    NVIC_Init                                0x08001ca3   Thumb Code   106  misc.o(.text)
    NVIC_SetVectorTable                      0x08001d0d   Thumb Code    14  misc.o(.text)
    NVIC_SystemLPConfig                      0x08001d1b   Thumb Code    34  misc.o(.text)
    SysTick_CLKSourceConfig                  0x08001d3d   Thumb Code    40  misc.o(.text)
    GPIO_DeInit                              0x08001d79   Thumb Code   268  stm32f4xx_gpio.o(.text)
    GPIO_Init                                0x08001e85   Thumb Code   144  stm32f4xx_gpio.o(.text)
    GPIO_StructInit                          0x08001f15   Thumb Code    18  stm32f4xx_gpio.o(.text)
    GPIO_PinLockConfig                       0x08001f27   Thumb Code    34  stm32f4xx_gpio.o(.text)
    GPIO_ReadInputDataBit                    0x08001f49   Thumb Code    18  stm32f4xx_gpio.o(.text)
    GPIO_ReadInputData                       0x08001f5b   Thumb Code     8  stm32f4xx_gpio.o(.text)
    GPIO_ReadOutputDataBit                   0x08001f63   Thumb Code    18  stm32f4xx_gpio.o(.text)
    GPIO_ReadOutputData                      0x08001f75   Thumb Code     8  stm32f4xx_gpio.o(.text)
    GPIO_SetBits                             0x08001f7d   Thumb Code     4  stm32f4xx_gpio.o(.text)
    GPIO_ResetBits                           0x08001f81   Thumb Code     4  stm32f4xx_gpio.o(.text)
    GPIO_WriteBit                            0x08001f85   Thumb Code    10  stm32f4xx_gpio.o(.text)
    GPIO_Write                               0x08001f8f   Thumb Code     4  stm32f4xx_gpio.o(.text)
    GPIO_ToggleBits                          0x08001f93   Thumb Code     8  stm32f4xx_gpio.o(.text)
    GPIO_PinAFConfig                         0x08001f9b   Thumb Code    70  stm32f4xx_gpio.o(.text)
    USART_DeInit                             0x0800200d   Thumb Code   206  stm32f4xx_usart.o(.text)
    USART_Init                               0x080020db   Thumb Code   204  stm32f4xx_usart.o(.text)
    USART_StructInit                         0x080021a7   Thumb Code    24  stm32f4xx_usart.o(.text)
    USART_ClockInit                          0x080021bf   Thumb Code    32  stm32f4xx_usart.o(.text)
    USART_ClockStructInit                    0x080021df   Thumb Code    12  stm32f4xx_usart.o(.text)
    USART_Cmd                                0x080021eb   Thumb Code    24  stm32f4xx_usart.o(.text)
    USART_SetPrescaler                       0x08002203   Thumb Code    16  stm32f4xx_usart.o(.text)
    USART_OverSampling8Cmd                   0x08002213   Thumb Code    22  stm32f4xx_usart.o(.text)
    USART_OneBitMethodCmd                    0x08002229   Thumb Code    24  stm32f4xx_usart.o(.text)
    USART_SendData                           0x08002241   Thumb Code     8  stm32f4xx_usart.o(.text)
    USART_ReceiveData                        0x08002249   Thumb Code    10  stm32f4xx_usart.o(.text)
    USART_SetAddress                         0x08002253   Thumb Code    18  stm32f4xx_usart.o(.text)
    USART_ReceiverWakeUpCmd                  0x08002265   Thumb Code    24  stm32f4xx_usart.o(.text)
    USART_WakeUpConfig                       0x0800227d   Thumb Code    18  stm32f4xx_usart.o(.text)
    USART_LINBreakDetectLengthConfig         0x0800228f   Thumb Code    18  stm32f4xx_usart.o(.text)
    USART_LINCmd                             0x080022a1   Thumb Code    24  stm32f4xx_usart.o(.text)
    USART_SendBreak                          0x080022b9   Thumb Code    10  stm32f4xx_usart.o(.text)
    USART_HalfDuplexCmd                      0x080022c3   Thumb Code    24  stm32f4xx_usart.o(.text)
    USART_SetGuardTime                       0x080022db   Thumb Code    16  stm32f4xx_usart.o(.text)
    USART_SmartCardCmd                       0x080022eb   Thumb Code    24  stm32f4xx_usart.o(.text)
    USART_SmartCardNACKCmd                   0x08002303   Thumb Code    24  stm32f4xx_usart.o(.text)
    USART_IrDAConfig                         0x0800231b   Thumb Code    18  stm32f4xx_usart.o(.text)
    USART_IrDACmd                            0x0800232d   Thumb Code    24  stm32f4xx_usart.o(.text)
    USART_DMACmd                             0x08002345   Thumb Code    18  stm32f4xx_usart.o(.text)
    USART_ITConfig                           0x08002357   Thumb Code    74  stm32f4xx_usart.o(.text)
    USART_GetFlagStatus                      0x080023a1   Thumb Code    26  stm32f4xx_usart.o(.text)
    USART_ClearFlag                          0x080023bb   Thumb Code    18  stm32f4xx_usart.o(.text)
    USART_GetITStatus                        0x080023cd   Thumb Code   118  stm32f4xx_usart.o(.text)
    USART_ClearITPendingBit                  0x08002443   Thumb Code    30  stm32f4xx_usart.o(.text)
    TIM_DeInit                               0x08002461   Thumb Code   346  stm32f4xx_tim.o(.text)
    TIM_TimeBaseInit                         0x080025bb   Thumb Code   104  stm32f4xx_tim.o(.text)
    TIM_TimeBaseStructInit                   0x08002623   Thumb Code    18  stm32f4xx_tim.o(.text)
    TIM_PrescalerConfig                      0x08002635   Thumb Code     6  stm32f4xx_tim.o(.text)
    TIM_CounterModeConfig                    0x0800263b   Thumb Code    18  stm32f4xx_tim.o(.text)
    TIM_SetCounter                           0x0800264d   Thumb Code     4  stm32f4xx_tim.o(.text)
    TIM_SetAutoreload                        0x08002651   Thumb Code     4  stm32f4xx_tim.o(.text)
    TIM_GetCounter                           0x08002655   Thumb Code     6  stm32f4xx_tim.o(.text)
    TIM_GetPrescaler                         0x0800265b   Thumb Code     6  stm32f4xx_tim.o(.text)
    TIM_UpdateDisableConfig                  0x08002661   Thumb Code    24  stm32f4xx_tim.o(.text)
    TIM_UpdateRequestConfig                  0x08002679   Thumb Code    24  stm32f4xx_tim.o(.text)
    TIM_ARRPreloadConfig                     0x08002691   Thumb Code    24  stm32f4xx_tim.o(.text)
    TIM_SelectOnePulseMode                   0x080026a9   Thumb Code    18  stm32f4xx_tim.o(.text)
    TIM_SetClockDivision                     0x080026bb   Thumb Code    18  stm32f4xx_tim.o(.text)
    TIM_Cmd                                  0x080026cd   Thumb Code    24  stm32f4xx_tim.o(.text)
    TIM_OC1Init                              0x080026e5   Thumb Code   114  stm32f4xx_tim.o(.text)
    TIM_OC2Init                              0x08002757   Thumb Code   154  stm32f4xx_tim.o(.text)
    TIM_OC3Init                              0x080027f1   Thumb Code   204  stm32f4xx_tim.o(.text)
    TIM_OC4Init                              0x080028bd   Thumb Code   112  stm32f4xx_tim.o(.text)
    TIM_OCStructInit                         0x0800292d   Thumb Code    20  stm32f4xx_tim.o(.text)
    TIM_SelectOCxM                           0x08002941   Thumb Code    86  stm32f4xx_tim.o(.text)
    TIM_SetCompare1                          0x08002997   Thumb Code     4  stm32f4xx_tim.o(.text)
    TIM_SetCompare2                          0x0800299b   Thumb Code     4  stm32f4xx_tim.o(.text)
    TIM_SetCompare3                          0x0800299f   Thumb Code     4  stm32f4xx_tim.o(.text)
    TIM_SetCompare4                          0x080029a3   Thumb Code     4  stm32f4xx_tim.o(.text)
    TIM_ForcedOC1Config                      0x080029a7   Thumb Code    18  stm32f4xx_tim.o(.text)
    TIM_ForcedOC2Config                      0x080029b9   Thumb Code    26  stm32f4xx_tim.o(.text)
    TIM_ForcedOC3Config                      0x080029d3   Thumb Code    18  stm32f4xx_tim.o(.text)
    TIM_ForcedOC4Config                      0x080029e5   Thumb Code    26  stm32f4xx_tim.o(.text)
    TIM_OC1PreloadConfig                     0x080029ff   Thumb Code    18  stm32f4xx_tim.o(.text)
    TIM_OC2PreloadConfig                     0x08002a11   Thumb Code    26  stm32f4xx_tim.o(.text)
    TIM_OC3PreloadConfig                     0x08002a2b   Thumb Code    18  stm32f4xx_tim.o(.text)
    TIM_OC4PreloadConfig                     0x08002a3d   Thumb Code    26  stm32f4xx_tim.o(.text)
    TIM_OC1FastConfig                        0x08002a57   Thumb Code    18  stm32f4xx_tim.o(.text)
    TIM_OC2FastConfig                        0x08002a69   Thumb Code    26  stm32f4xx_tim.o(.text)
    TIM_OC3FastConfig                        0x08002a83   Thumb Code    18  stm32f4xx_tim.o(.text)
    TIM_OC4FastConfig                        0x08002a95   Thumb Code    26  stm32f4xx_tim.o(.text)
    TIM_ClearOC1Ref                          0x08002aaf   Thumb Code    18  stm32f4xx_tim.o(.text)
    TIM_ClearOC2Ref                          0x08002ac1   Thumb Code    24  stm32f4xx_tim.o(.text)
    TIM_ClearOC3Ref                          0x08002ad9   Thumb Code    18  stm32f4xx_tim.o(.text)
    TIM_ClearOC4Ref                          0x08002aeb   Thumb Code    24  stm32f4xx_tim.o(.text)
    TIM_OC1PolarityConfig                    0x08002b03   Thumb Code    18  stm32f4xx_tim.o(.text)
    TIM_OC1NPolarityConfig                   0x08002b15   Thumb Code    18  stm32f4xx_tim.o(.text)
    TIM_OC2PolarityConfig                    0x08002b27   Thumb Code    26  stm32f4xx_tim.o(.text)
    TIM_OC2NPolarityConfig                   0x08002b41   Thumb Code    26  stm32f4xx_tim.o(.text)
    TIM_OC3PolarityConfig                    0x08002b5b   Thumb Code    26  stm32f4xx_tim.o(.text)
    TIM_OC3NPolarityConfig                   0x08002b75   Thumb Code    26  stm32f4xx_tim.o(.text)
    TIM_OC4PolarityConfig                    0x08002b8f   Thumb Code    26  stm32f4xx_tim.o(.text)
    TIM_CCxCmd                               0x08002ba9   Thumb Code    30  stm32f4xx_tim.o(.text)
    TIM_CCxNCmd                              0x08002bc7   Thumb Code    30  stm32f4xx_tim.o(.text)
    TIM_SetIC4Prescaler                      0x08002be5   Thumb Code    26  stm32f4xx_tim.o(.text)
    TIM_SetIC3Prescaler                      0x08002c4f   Thumb Code    18  stm32f4xx_tim.o(.text)
    TIM_SetIC2Prescaler                      0x08002ca9   Thumb Code    26  stm32f4xx_tim.o(.text)
    TIM_SetIC1Prescaler                      0x08002d1d   Thumb Code    18  stm32f4xx_tim.o(.text)
    TIM_ICInit                               0x08002d69   Thumb Code   110  stm32f4xx_tim.o(.text)
    TIM_ICStructInit                         0x08002dd7   Thumb Code    18  stm32f4xx_tim.o(.text)
    TIM_PWMIConfig                           0x08002de9   Thumb Code   124  stm32f4xx_tim.o(.text)
    TIM_GetCapture1                          0x08002e65   Thumb Code     6  stm32f4xx_tim.o(.text)
    TIM_GetCapture2                          0x08002e6b   Thumb Code     6  stm32f4xx_tim.o(.text)
    TIM_GetCapture3                          0x08002e71   Thumb Code     6  stm32f4xx_tim.o(.text)
    TIM_GetCapture4                          0x08002e77   Thumb Code     6  stm32f4xx_tim.o(.text)
    TIM_BDTRConfig                           0x08002e7d   Thumb Code    32  stm32f4xx_tim.o(.text)
    TIM_BDTRStructInit                       0x08002e9d   Thumb Code    18  stm32f4xx_tim.o(.text)
    TIM_CtrlPWMOutputs                       0x08002eaf   Thumb Code    30  stm32f4xx_tim.o(.text)
    TIM_SelectCOM                            0x08002ecd   Thumb Code    24  stm32f4xx_tim.o(.text)
    TIM_CCPreloadControl                     0x08002ee5   Thumb Code    24  stm32f4xx_tim.o(.text)
    TIM_ITConfig                             0x08002efd   Thumb Code    18  stm32f4xx_tim.o(.text)
    TIM_GenerateEvent                        0x08002f0f   Thumb Code     4  stm32f4xx_tim.o(.text)
    TIM_GetFlagStatus                        0x08002f13   Thumb Code    18  stm32f4xx_tim.o(.text)
    TIM_ClearFlag                            0x08002f25   Thumb Code     6  stm32f4xx_tim.o(.text)
    TIM_GetITStatus                          0x08002f2b   Thumb Code    34  stm32f4xx_tim.o(.text)
    TIM_ClearITPendingBit                    0x08002f4d   Thumb Code     6  stm32f4xx_tim.o(.text)
    TIM_DMAConfig                            0x08002f53   Thumb Code    10  stm32f4xx_tim.o(.text)
    TIM_DMACmd                               0x08002f5d   Thumb Code    18  stm32f4xx_tim.o(.text)
    TIM_SelectCCDMA                          0x08002f6f   Thumb Code    24  stm32f4xx_tim.o(.text)
    TIM_InternalClockConfig                  0x08002f87   Thumb Code    12  stm32f4xx_tim.o(.text)
    TIM_SelectInputTrigger                   0x08002f93   Thumb Code    18  stm32f4xx_tim.o(.text)
    TIM_ITRxExternalClockConfig              0x08002fa5   Thumb Code    24  stm32f4xx_tim.o(.text)
    TIM_TIxExternalClockConfig               0x08002fbd   Thumb Code    62  stm32f4xx_tim.o(.text)
    TIM_ETRConfig                            0x08002ffb   Thumb Code    28  stm32f4xx_tim.o(.text)
    TIM_ETRClockMode1Config                  0x08003017   Thumb Code    54  stm32f4xx_tim.o(.text)
    TIM_ETRClockMode2Config                  0x0800304d   Thumb Code    32  stm32f4xx_tim.o(.text)
    TIM_SelectOutputTrigger                  0x0800306d   Thumb Code    18  stm32f4xx_tim.o(.text)
    TIM_SelectSlaveMode                      0x0800307f   Thumb Code    18  stm32f4xx_tim.o(.text)
    TIM_SelectMasterSlaveMode                0x08003091   Thumb Code    18  stm32f4xx_tim.o(.text)
    TIM_EncoderInterfaceConfig               0x080030a3   Thumb Code    66  stm32f4xx_tim.o(.text)
    TIM_SelectHallSensor                     0x080030e5   Thumb Code    24  stm32f4xx_tim.o(.text)
    TIM_RemapConfig                          0x080030fd   Thumb Code     6  stm32f4xx_tim.o(.text)
    SYSCFG_DeInit                            0x08003105   Thumb Code    22  stm32f4xx_syscfg.o(.text)
    SYSCFG_MemoryRemapConfig                 0x0800311b   Thumb Code     6  stm32f4xx_syscfg.o(.text)
    SYSCFG_MemorySwappingBank                0x08003121   Thumb Code     6  stm32f4xx_syscfg.o(.text)
    SYSCFG_EXTILineConfig                    0x08003127   Thumb Code    66  stm32f4xx_syscfg.o(.text)
    SYSCFG_ETH_MediaInterfaceConfig          0x08003169   Thumb Code     8  stm32f4xx_syscfg.o(.text)
    SYSCFG_CompensationCellCmd               0x08003171   Thumb Code     6  stm32f4xx_syscfg.o(.text)
    SYSCFG_GetCompensationCellStatus         0x08003177   Thumb Code    22  stm32f4xx_syscfg.o(.text)
    RCC_DeInit                               0x08003199   Thumb Code    82  stm32f4xx_rcc.o(.text)
    RCC_HSEConfig                            0x080031eb   Thumb Code    14  stm32f4xx_rcc.o(.text)
    RCC_GetFlagStatus                        0x080031f9   Thumb Code    60  stm32f4xx_rcc.o(.text)
    RCC_WaitForHSEStartUp                    0x08003235   Thumb Code    56  stm32f4xx_rcc.o(.text)
    RCC_AdjustHSICalibrationValue            0x0800326d   Thumb Code    20  stm32f4xx_rcc.o(.text)
    RCC_HSICmd                               0x08003281   Thumb Code     6  stm32f4xx_rcc.o(.text)
    RCC_LSEConfig                            0x08003287   Thumb Code    46  stm32f4xx_rcc.o(.text)
    RCC_LSICmd                               0x080032b5   Thumb Code     6  stm32f4xx_rcc.o(.text)
    RCC_PLLConfig                            0x080032bb   Thumb Code    32  stm32f4xx_rcc.o(.text)
    RCC_PLLCmd                               0x080032db   Thumb Code     6  stm32f4xx_rcc.o(.text)
    RCC_PLLI2SConfig                         0x080032e1   Thumb Code    14  stm32f4xx_rcc.o(.text)
    RCC_PLLI2SCmd                            0x080032ef   Thumb Code     6  stm32f4xx_rcc.o(.text)
    RCC_PLLSAIConfig                         0x080032f5   Thumb Code    20  stm32f4xx_rcc.o(.text)
    RCC_PLLSAICmd                            0x08003309   Thumb Code     6  stm32f4xx_rcc.o(.text)
    RCC_ClockSecuritySystemCmd               0x0800330f   Thumb Code     6  stm32f4xx_rcc.o(.text)
    RCC_MCO1Config                           0x08003315   Thumb Code    28  stm32f4xx_rcc.o(.text)
    RCC_MCO2Config                           0x08003331   Thumb Code    28  stm32f4xx_rcc.o(.text)
    RCC_SYSCLKConfig                         0x0800334d   Thumb Code    20  stm32f4xx_rcc.o(.text)
    RCC_GetSYSCLKSource                      0x08003361   Thumb Code    12  stm32f4xx_rcc.o(.text)
    RCC_HCLKConfig                           0x0800336d   Thumb Code    20  stm32f4xx_rcc.o(.text)
    RCC_PCLK1Config                          0x08003381   Thumb Code    20  stm32f4xx_rcc.o(.text)
    RCC_PCLK2Config                          0x08003395   Thumb Code    22  stm32f4xx_rcc.o(.text)
    RCC_GetClocksFreq                        0x080033ab   Thumb Code   222  stm32f4xx_rcc.o(.text)
    RCC_RTCCLKConfig                         0x08003489   Thumb Code    54  stm32f4xx_rcc.o(.text)
    RCC_RTCCLKCmd                            0x080034bf   Thumb Code     8  stm32f4xx_rcc.o(.text)
    RCC_BackupResetCmd                       0x080034c7   Thumb Code     8  stm32f4xx_rcc.o(.text)
    RCC_I2SCLKConfig                         0x080034cf   Thumb Code     6  stm32f4xx_rcc.o(.text)
    RCC_SAIPLLI2SClkDivConfig                0x080034d5   Thumb Code    26  stm32f4xx_rcc.o(.text)
    RCC_SAIPLLSAIClkDivConfig                0x080034ef   Thumb Code    28  stm32f4xx_rcc.o(.text)
    RCC_SAIBlockACLKConfig                   0x0800350b   Thumb Code    20  stm32f4xx_rcc.o(.text)
    RCC_SAIBlockBCLKConfig                   0x0800351f   Thumb Code    20  stm32f4xx_rcc.o(.text)
    RCC_LTDCCLKDivConfig                     0x08003533   Thumb Code    20  stm32f4xx_rcc.o(.text)
    RCC_TIMCLKPresConfig                     0x08003547   Thumb Code     6  stm32f4xx_rcc.o(.text)
    RCC_AHB1PeriphClockCmd                   0x0800354d   Thumb Code    34  stm32f4xx_rcc.o(.text)
    RCC_AHB2PeriphClockCmd                   0x0800356f   Thumb Code    78  stm32f4xx_rcc.o(.text)
    RCC_AHB3PeriphClockCmd                   0x080035bd   Thumb Code    34  stm32f4xx_rcc.o(.text)
    RCC_APB1PeriphClockCmd                   0x080035df   Thumb Code    34  stm32f4xx_rcc.o(.text)
    RCC_APB2PeriphClockCmd                   0x08003601   Thumb Code    34  stm32f4xx_rcc.o(.text)
    RCC_AHB1PeriphResetCmd                   0x08003623   Thumb Code    34  stm32f4xx_rcc.o(.text)
    RCC_AHB2PeriphResetCmd                   0x08003645   Thumb Code    34  stm32f4xx_rcc.o(.text)
    RCC_AHB3PeriphResetCmd                   0x08003667   Thumb Code    34  stm32f4xx_rcc.o(.text)
    RCC_APB1PeriphResetCmd                   0x08003689   Thumb Code    34  stm32f4xx_rcc.o(.text)
    RCC_APB2PeriphResetCmd                   0x080036ab   Thumb Code    34  stm32f4xx_rcc.o(.text)
    RCC_AHB1PeriphClockLPModeCmd             0x080036cd   Thumb Code    34  stm32f4xx_rcc.o(.text)
    RCC_AHB2PeriphClockLPModeCmd             0x080036ef   Thumb Code    34  stm32f4xx_rcc.o(.text)
    RCC_AHB3PeriphClockLPModeCmd             0x08003711   Thumb Code    34  stm32f4xx_rcc.o(.text)
    RCC_APB1PeriphClockLPModeCmd             0x08003733   Thumb Code    34  stm32f4xx_rcc.o(.text)
    RCC_APB2PeriphClockLPModeCmd             0x08003755   Thumb Code    34  stm32f4xx_rcc.o(.text)
    RCC_LSEModeConfig                        0x08003777   Thumb Code    40  stm32f4xx_rcc.o(.text)
    RCC_ITConfig                             0x0800379f   Thumb Code    34  stm32f4xx_rcc.o(.text)
    RCC_ClearFlag                            0x080037c1   Thumb Code    18  stm32f4xx_rcc.o(.text)
    RCC_GetITStatus                          0x080037d3   Thumb Code    22  stm32f4xx_rcc.o(.text)
    RCC_ClearITPendingBit                    0x080037e9   Thumb Code     8  stm32f4xx_rcc.o(.text)
    EXTI_DeInit                              0x080037f5   Thumb Code    28  stm32f4xx_exti.o(.text)
    EXTI_Init                                0x08003811   Thumb Code   142  stm32f4xx_exti.o(.text)
    EXTI_StructInit                          0x0800389f   Thumb Code    16  stm32f4xx_exti.o(.text)
    EXTI_GenerateSWInterrupt                 0x080038af   Thumb Code    16  stm32f4xx_exti.o(.text)
    EXTI_GetFlagStatus                       0x080038bf   Thumb Code    22  stm32f4xx_exti.o(.text)
    EXTI_ClearFlag                           0x080038d5   Thumb Code     8  stm32f4xx_exti.o(.text)
    EXTI_GetITStatus                         0x080038dd   Thumb Code    22  stm32f4xx_exti.o(.text)
    EXTI_ClearITPendingBit                   0x080038f3   Thumb Code     8  stm32f4xx_exti.o(.text)
    __use_no_semihosting                     0x08003905   Thumb Code     2  use_no_semi_2.o(.text)
    __use_two_region_memory                  0x08003907   Thumb Code     2  heapauxi.o(.text)
    __rt_heap_escrow$2region                 0x08003909   Thumb Code     2  heapauxi.o(.text)
    __rt_heap_expand$2region                 0x0800390b   Thumb Code     2  heapauxi.o(.text)
    __I$use$semihosting                      0x0800390d   Thumb Code     0  use_no_semi.o(.text)
    __use_no_semihosting_swi                 0x0800390d   Thumb Code     2  use_no_semi.o(.text)
    __user_libspace                          0x08003911   Thumb Code     8  libspace.o(.text)
    __user_perproc_libspace                  0x08003911   Thumb Code     0  libspace.o(.text)
    __user_perthread_libspace                0x08003911   Thumb Code     0  libspace.o(.text)
    __user_setup_stackheap                   0x08003919   Thumb Code    74  sys_stackheap_outer.o(.text)
    exit                                     0x08003963   Thumb Code    12  exit.o(.text)
    __ARM_fpclassify                         0x0800396f   Thumb Code    48  fpclassify.o(i.__ARM_fpclassify)
    __hardfp_atan                            0x080039a1   Thumb Code   622  atan.o(i.__hardfp_atan)
    __hardfp_atan2                           0x08003c79   Thumb Code   432  atan2.o(i.__hardfp_atan2)
    __kernel_poly                            0x08003e69   Thumb Code   248  poly.o(i.__kernel_poly)
    __mathlib_dbl_infnan                     0x08003f61   Thumb Code    20  dunder.o(i.__mathlib_dbl_infnan)
    __mathlib_dbl_infnan2                    0x08003f75   Thumb Code    20  dunder.o(i.__mathlib_dbl_infnan2)
    __mathlib_dbl_underflow                  0x08003f89   Thumb Code    24  dunder.o(i.__mathlib_dbl_underflow)
    atan                                     0x08003fa9   Thumb Code    16  atan.o(i.atan)
    fabs                                     0x08003fb9   Thumb Code    24  fabs.o(i.fabs)
    __aeabi_dneg                             0x08003fd1   Thumb Code     0  basic.o(x$fpl$basic)
    _dneg                                    0x08003fd1   Thumb Code     6  basic.o(x$fpl$basic)
    __aeabi_fneg                             0x08003fd7   Thumb Code     0  basic.o(x$fpl$basic)
    _fneg                                    0x08003fd7   Thumb Code     6  basic.o(x$fpl$basic)
    _dabs                                    0x08003fdd   Thumb Code     6  basic.o(x$fpl$basic)
    _fabs                                    0x08003fe3   Thumb Code     6  basic.o(x$fpl$basic)
    __aeabi_d2f                              0x08003fe9   Thumb Code     0  d2f.o(x$fpl$d2f)
    _d2f                                     0x08003fe9   Thumb Code    98  d2f.o(x$fpl$d2f)
    __aeabi_dadd                             0x0800404d   Thumb Code     0  daddsub_clz.o(x$fpl$dadd)
    _dadd                                    0x0800404d   Thumb Code   332  daddsub_clz.o(x$fpl$dadd)
    __fpl_dcmp_Inf                           0x0800419d   Thumb Code    24  dcmpi.o(x$fpl$dcmpinf)
    __aeabi_ddiv                             0x080041b5   Thumb Code     0  ddiv.o(x$fpl$ddiv)
    _ddiv                                    0x080041b5   Thumb Code   552  ddiv.o(x$fpl$ddiv)
    __aeabi_d2uiz                            0x08004465   Thumb Code     0  dfixu.o(x$fpl$dfixu)
    _dfixu                                   0x08004465   Thumb Code    90  dfixu.o(x$fpl$dfixu)
    __aeabi_i2d                              0x080044bf   Thumb Code     0  dflt_clz.o(x$fpl$dflt)
    _dflt                                    0x080044bf   Thumb Code    46  dflt_clz.o(x$fpl$dflt)
    __aeabi_cdcmple                          0x080044ed   Thumb Code     0  dleqf.o(x$fpl$dleqf)
    _dcmple                                  0x080044ed   Thumb Code   120  dleqf.o(x$fpl$dleqf)
    __fpl_dcmple_InfNaN                      0x0800454f   Thumb Code     0  dleqf.o(x$fpl$dleqf)
    __aeabi_dmul                             0x08004565   Thumb Code     0  dmul.o(x$fpl$dmul)
    _dmul                                    0x08004565   Thumb Code   332  dmul.o(x$fpl$dmul)
    __fpl_dnaninf                            0x080046b9   Thumb Code   156  dnaninf.o(x$fpl$dnaninf)
    __fpl_dretinf                            0x08004755   Thumb Code    12  dretinf.o(x$fpl$dretinf)
    __aeabi_cdrcmple                         0x08004761   Thumb Code     0  drleqf.o(x$fpl$drleqf)
    _drcmple                                 0x08004761   Thumb Code   108  drleqf.o(x$fpl$drleqf)
    __aeabi_drsub                            0x080047cd   Thumb Code     0  daddsub_clz.o(x$fpl$drsb)
    _drsb                                    0x080047cd   Thumb Code    22  daddsub_clz.o(x$fpl$drsb)
    __aeabi_dsub                             0x080047e5   Thumb Code     0  daddsub_clz.o(x$fpl$dsub)
    _dsub                                    0x080047e5   Thumb Code   464  daddsub_clz.o(x$fpl$dsub)
    __aeabi_f2d                              0x080049b9   Thumb Code     0  f2d.o(x$fpl$f2d)
    _f2d                                     0x080049b9   Thumb Code    86  f2d.o(x$fpl$f2d)
    __fpl_fnaninf                            0x08004a0f   Thumb Code   140  fnaninf.o(x$fpl$fnaninf)
    _fp_init                                 0x08004a9b   Thumb Code    10  fpinit.o(x$fpl$fpinit)
    __fplib_config_fpu_vfp                   0x08004aa3   Thumb Code     0  fpinit.o(x$fpl$fpinit)
    __fplib_config_pureend_doubles           0x08004aa3   Thumb Code     0  fpinit.o(x$fpl$fpinit)
    __fpl_fretinf                            0x08004aa5   Thumb Code    10  fretinf.o(x$fpl$fretinf)
    __I$use$fp                               0x08004aae   Number         0  usenofp.o(x$fpl$usenofp)
    __mathlib_zero                           0x08004b48   Data           8  qnan.o(.constdata)
    Region$$Table$$Base                      0x08004b50   Number         0  anon$$obj.o(Region$$Table)
    Region$$Table$$Limit                     0x08004b70   Number         0  anon$$obj.o(Region$$Table)
    flag_turn                                0x20000000   Data           1  main.o(.data)
    flag_turn_left                           0x20000001   Data           1  main.o(.data)
    flag_turn_right                          0x20000002   Data           1  main.o(.data)
    flag_turn_big                            0x20000003   Data           1  main.o(.data)
    last_flag_turn                           0x20000004   Data           1  main.o(.data)
    offsetX                                  0x20000008   Data           4  main.o(.data)
    offsetY                                  0x2000000c   Data           4  main.o(.data)
    data                                     0x20000010   Data           6  main.o(.data)
    angle                                    0x20000018   Data           4  main.o(.data)
    SystemCoreClock                          0x2000001c   Data           4  system_stm32f4xx.o(.data)
    AHBPrescTable                            0x20000020   Data          16  system_stm32f4xx.o(.data)
    speed_count                              0x20000030   Data           4  pwm.o(.data)
    TIM1CH1_CAPTURE_STA                      0x20000034   Data           1  pwm.o(.data)
    TIM1CH1_CAPTURE_VAL                      0x20000038   Data           4  pwm.o(.data)
    s                                        0x2000003c   Data           4  pwm.o(.data)
    __stdout                                 0x20000080   Data           4  usart.o(.data)
    USART_RX_STA                             0x20000084   Data           2  usart.o(.data)
    fist_flag_1                              0x20000086   Data           1  usart.o(.data)
    recive_ble                               0x20000087   Data           6  usart.o(.data)
    recive_flag                              0x2000008d   Data           1  usart.o(.data)
    i                                        0x2000008e   Data           1  usart.o(.data)
    SD5_PID                                  0x200000a0   Data          12  main.o(.bss)
    USART_RX_BUF                             0x200000ac   Data         200  usart.o(.bss)
    __libspace_start                         0x20000174   Data          96  libspace.o(.bss)
    __temporary_stack_top$libspace           0x200001d4   Data           0  libspace.o(.bss)



==============================================================================

Memory Map of the image

  Image Entry point : 0x08000189

  Load Region LR_IROM1 (Base: 0x08000000, Size: 0x00004c10, Max: 0x00080000, ABSOLUTE)

    Execution Region ER_IROM1 (Base: 0x08000000, Size: 0x00004b70, Max: 0x00080000, ABSOLUTE)

    Base Addr    Size         Type   Attr      Idx    E Section Name        Object

    0x08000000   0x00000188   Data   RO          550    RESET               startup_stm32f40_41xxx.o
    0x08000188   0x00000008   Code   RO          755  * !!!main             c_w.l(__main.o)
    0x08000190   0x00000034   Code   RO         1010    !!!scatter          c_w.l(__scatter.o)
    0x080001c4   0x0000001a   Code   RO         1012    !!handler_copy      c_w.l(__scatter_copy.o)
    0x080001de   0x00000002   PAD
    0x080001e0   0x0000001c   Code   RO         1014    !!handler_zi        c_w.l(__scatter_zi.o)
    0x080001fc   0x00000002   Code   RO          888    .ARM.Collect$$libinit$$00000000  c_w.l(libinit.o)
    0x080001fe   0x00000004   Code   RO          891    .ARM.Collect$$libinit$$00000001  c_w.l(libinit2.o)
    0x08000202   0x00000000   Code   RO          894    .ARM.Collect$$libinit$$00000004  c_w.l(libinit2.o)
    0x08000202   0x00000000   Code   RO          897    .ARM.Collect$$libinit$$0000000A  c_w.l(libinit2.o)
    0x08000202   0x00000000   Code   RO          899    .ARM.Collect$$libinit$$0000000C  c_w.l(libinit2.o)
    0x08000202   0x00000000   Code   RO          901    .ARM.Collect$$libinit$$0000000E  c_w.l(libinit2.o)
    0x08000202   0x00000000   Code   RO          904    .ARM.Collect$$libinit$$00000011  c_w.l(libinit2.o)
    0x08000202   0x00000000   Code   RO          906    .ARM.Collect$$libinit$$00000013  c_w.l(libinit2.o)
    0x08000202   0x00000000   Code   RO          908    .ARM.Collect$$libinit$$00000015  c_w.l(libinit2.o)
    0x08000202   0x00000000   Code   RO          910    .ARM.Collect$$libinit$$00000017  c_w.l(libinit2.o)
    0x08000202   0x00000000   Code   RO          912    .ARM.Collect$$libinit$$00000019  c_w.l(libinit2.o)
    0x08000202   0x00000000   Code   RO          914    .ARM.Collect$$libinit$$0000001B  c_w.l(libinit2.o)
    0x08000202   0x00000000   Code   RO          916    .ARM.Collect$$libinit$$0000001D  c_w.l(libinit2.o)
    0x08000202   0x00000000   Code   RO          918    .ARM.Collect$$libinit$$0000001F  c_w.l(libinit2.o)
    0x08000202   0x00000000   Code   RO          920    .ARM.Collect$$libinit$$00000021  c_w.l(libinit2.o)
    0x08000202   0x00000000   Code   RO          922    .ARM.Collect$$libinit$$00000023  c_w.l(libinit2.o)
    0x08000202   0x00000000   Code   RO          924    .ARM.Collect$$libinit$$00000025  c_w.l(libinit2.o)
    0x08000202   0x00000000   Code   RO          928    .ARM.Collect$$libinit$$0000002C  c_w.l(libinit2.o)
    0x08000202   0x00000000   Code   RO          930    .ARM.Collect$$libinit$$0000002E  c_w.l(libinit2.o)
    0x08000202   0x00000000   Code   RO          932    .ARM.Collect$$libinit$$00000030  c_w.l(libinit2.o)
    0x08000202   0x00000000   Code   RO          934    .ARM.Collect$$libinit$$00000032  c_w.l(libinit2.o)
    0x08000202   0x00000002   Code   RO          935    .ARM.Collect$$libinit$$00000033  c_w.l(libinit2.o)
    0x08000204   0x00000002   Code   RO          953    .ARM.Collect$$libshutdown$$00000000  c_w.l(libshutdown.o)
    0x08000206   0x00000000   Code   RO          964    .ARM.Collect$$libshutdown$$00000003  c_w.l(libshutdown2.o)
    0x08000206   0x00000000   Code   RO          967    .ARM.Collect$$libshutdown$$00000006  c_w.l(libshutdown2.o)
    0x08000206   0x00000000   Code   RO          970    .ARM.Collect$$libshutdown$$00000009  c_w.l(libshutdown2.o)
    0x08000206   0x00000000   Code   RO          972    .ARM.Collect$$libshutdown$$0000000B  c_w.l(libshutdown2.o)
    0x08000206   0x00000000   Code   RO          975    .ARM.Collect$$libshutdown$$0000000E  c_w.l(libshutdown2.o)
    0x08000206   0x00000002   Code   RO          976    .ARM.Collect$$libshutdown$$0000000F  c_w.l(libshutdown2.o)
    0x08000208   0x00000000   Code   RO          797    .ARM.Collect$$rtentry$$00000000  c_w.l(__rtentry.o)
    0x08000208   0x00000000   Code   RO          853    .ARM.Collect$$rtentry$$00000002  c_w.l(__rtentry2.o)
    0x08000208   0x00000006   Code   RO          865    .ARM.Collect$$rtentry$$00000004  c_w.l(__rtentry4.o)
    0x0800020e   0x00000000   Code   RO          855    .ARM.Collect$$rtentry$$00000009  c_w.l(__rtentry2.o)
    0x0800020e   0x00000004   Code   RO          856    .ARM.Collect$$rtentry$$0000000A  c_w.l(__rtentry2.o)
    0x08000212   0x00000000   Code   RO          858    .ARM.Collect$$rtentry$$0000000C  c_w.l(__rtentry2.o)
    0x08000212   0x00000008   Code   RO          859    .ARM.Collect$$rtentry$$0000000D  c_w.l(__rtentry2.o)
    0x0800021a   0x00000002   Code   RO          889    .ARM.Collect$$rtexit$$00000000  c_w.l(rtexit.o)
    0x0800021c   0x00000000   Code   RO          937    .ARM.Collect$$rtexit$$00000002  c_w.l(rtexit2.o)
    0x0800021c   0x00000004   Code   RO          938    .ARM.Collect$$rtexit$$00000003  c_w.l(rtexit2.o)
    0x08000220   0x00000006   Code   RO          939    .ARM.Collect$$rtexit$$00000004  c_w.l(rtexit2.o)
    0x08000226   0x00000002   PAD
    0x08000228   0x0000070c   Code   RO            4    .text               main.o
    0x08000934   0x0000001a   Code   RO          183    .text               stm32f4xx_it.o
    0x0800094e   0x00000002   PAD
    0x08000950   0x00000210   Code   RO          236    .text               system_stm32f4xx.o
    0x08000b60   0x000003e4   Code   RO          290    .text               pwm.o
    0x08000f44   0x0000040c   Code   RO          317    .text               motor_pid.o
    0x08001350   0x0000025c   Code   RO          343    .text               iic.o
    0x080015ac   0x000001b8   Code   RO          367    .text               steer_pid.o
    0x08001764   0x000000de   Code   RO          396    .text               hmc5883l.o
    0x08001842   0x00000002   PAD
    0x08001844   0x000000c4   Code   RO          420    .text               exti.o
    0x08001908   0x00000088   Code   RO          444    .text               hcsr04.o
    0x08001990   0x00000104   Code   RO          468    .text               delay.o
    0x08001a94   0x000001c4   Code   RO          516    .text               usart.o
    0x08001c58   0x00000040   Code   RO          551    .text               startup_stm32f40_41xxx.o
    0x08001c98   0x000000e0   Code   RO          558    .text               misc.o
    0x08001d78   0x00000294   Code   RO          582    .text               stm32f4xx_gpio.o
    0x0800200c   0x00000454   Code   RO          606    .text               stm32f4xx_usart.o
    0x08002460   0x00000ca2   Code   RO          630    .text               stm32f4xx_tim.o
    0x08003102   0x00000002   PAD
    0x08003104   0x00000094   Code   RO          654    .text               stm32f4xx_syscfg.o
    0x08003198   0x0000065c   Code   RO          678    .text               stm32f4xx_rcc.o
    0x080037f4   0x00000110   Code   RO          728    .text               stm32f4xx_exti.o
    0x08003904   0x00000002   Code   RO          751    .text               c_w.l(use_no_semi_2.o)
    0x08003906   0x00000006   Code   RO          753    .text               c_w.l(heapauxi.o)
    0x0800390c   0x00000002   Code   RO          795    .text               c_w.l(use_no_semi.o)
    0x0800390e   0x00000002   PAD
    0x08003910   0x00000008   Code   RO          876    .text               c_w.l(libspace.o)
    0x08003918   0x0000004a   Code   RO          879    .text               c_w.l(sys_stackheap_outer.o)
    0x08003962   0x0000000c   Code   RO          881    .text               c_w.l(exit.o)
    0x0800396e   0x00000030   Code   RO          872    i.__ARM_fpclassify  m_wm.l(fpclassify.o)
    0x0800399e   0x00000002   PAD
    0x080039a0   0x000002d8   Code   RO          817    i.__hardfp_atan     m_wm.l(atan.o)
    0x08003c78   0x000001f0   Code   RO          783    i.__hardfp_atan2    m_wm.l(atan2.o)
    0x08003e68   0x000000f8   Code   RO          874    i.__kernel_poly     m_wm.l(poly.o)
    0x08003f60   0x00000014   Code   RO          832    i.__mathlib_dbl_infnan  m_wm.l(dunder.o)
    0x08003f74   0x00000014   Code   RO          833    i.__mathlib_dbl_infnan2  m_wm.l(dunder.o)
    0x08003f88   0x00000020   Code   RO          837    i.__mathlib_dbl_underflow  m_wm.l(dunder.o)
    0x08003fa8   0x00000010   Code   RO          819    i.atan              m_wm.l(atan.o)
    0x08003fb8   0x00000018   Code   RO          847    i.fabs              m_wm.l(fabs.o)
    0x08003fd0   0x00000018   Code   RO          800    x$fpl$basic         fz_wm.l(basic.o)
    0x08003fe8   0x00000062   Code   RO          757    x$fpl$d2f           fz_wm.l(d2f.o)
    0x0800404a   0x00000002   PAD
    0x0800404c   0x00000150   Code   RO          759    x$fpl$dadd          fz_wm.l(daddsub_clz.o)
    0x0800419c   0x00000018   Code   RO          802    x$fpl$dcmpinf       fz_wm.l(dcmpi.o)
    0x080041b4   0x000002b0   Code   RO          805    x$fpl$ddiv          fz_wm.l(ddiv.o)
    0x08004464   0x0000005a   Code   RO          765    x$fpl$dfixu         fz_wm.l(dfixu.o)
    0x080044be   0x0000002e   Code   RO          770    x$fpl$dflt          fz_wm.l(dflt_clz.o)
    0x080044ec   0x00000078   Code   RO          775    x$fpl$dleqf         fz_wm.l(dleqf.o)
    0x08004564   0x00000154   Code   RO          777    x$fpl$dmul          fz_wm.l(dmul.o)
    0x080046b8   0x0000009c   Code   RO          808    x$fpl$dnaninf       fz_wm.l(dnaninf.o)
    0x08004754   0x0000000c   Code   RO          810    x$fpl$dretinf       fz_wm.l(dretinf.o)
    0x08004760   0x0000006c   Code   RO          779    x$fpl$drleqf        fz_wm.l(drleqf.o)
    0x080047cc   0x00000016   Code   RO          760    x$fpl$drsb          fz_wm.l(daddsub_clz.o)
    0x080047e2   0x00000002   PAD
    0x080047e4   0x000001d4   Code   RO          761    x$fpl$dsub          fz_wm.l(daddsub_clz.o)
    0x080049b8   0x00000056   Code   RO          781    x$fpl$f2d           fz_wm.l(f2d.o)
    0x08004a0e   0x0000008c   Code   RO          812    x$fpl$fnaninf       fz_wm.l(fnaninf.o)
    0x08004a9a   0x0000000a   Code   RO          945    x$fpl$fpinit        fz_wm.l(fpinit.o)
    0x08004aa4   0x0000000a   Code   RO          814    x$fpl$fretinf       fz_wm.l(fretinf.o)
    0x08004aae   0x00000000   Code   RO          816    x$fpl$usenofp       fz_wm.l(usenofp.o)
    0x08004aae   0x00000002   PAD
    0x08004ab0   0x00000098   Data   RO          820    .constdata          m_wm.l(atan.o)
    0x08004b48   0x00000008   Data   RO          851    .constdata          m_wm.l(qnan.o)
    0x08004b50   0x00000020   Data   RO         1008    Region$$Table       anon$$obj.o


    Execution Region RW_IRAM1 (Base: 0x20000000, Size: 0x000007d8, Max: 0x00020000, ABSOLUTE)

    Base Addr    Size         Type   Attr      Idx    E Section Name        Object

    0x20000000   0x0000001c   Data   RW            6    .data               main.o
    0x2000001c   0x00000014   Data   RW          237    .data               system_stm32f4xx.o
    0x20000030   0x0000001f   Data   RW          291    .data               pwm.o
    0x2000004f   0x00000001   PAD
    0x20000050   0x00000020   Data   RW          318    .data               motor_pid.o
    0x20000070   0x0000000c   Data   RW          368    .data               steer_pid.o
    0x2000007c   0x00000004   Data   RW          469    .data               delay.o
    0x20000080   0x0000000f   Data   RW          518    .data               usart.o
    0x2000008f   0x00000010   Data   RW          679    .data               stm32f4xx_rcc.o
    0x2000009f   0x00000001   PAD
    0x200000a0   0x0000000c   Zero   RW            5    .bss                main.o
    0x200000ac   0x000000c8   Zero   RW          517    .bss                usart.o
    0x20000174   0x00000060   Zero   RW          877    .bss                c_w.l(libspace.o)
    0x200001d4   0x00000004   PAD
    0x200001d8   0x00000200   Zero   RW          549    HEAP                startup_stm32f40_41xxx.o
    0x200003d8   0x00000400   Zero   RW          548    STACK               startup_stm32f40_41xxx.o


==============================================================================

Image component sizes


      Code (inc. data)   RO Data    RW Data    ZI Data      Debug   Object Name

       260          8          0          4          0       1561   delay.o
       196          4          0          0          0        984   exti.o
       136          6          0          0          0        763   hcsr04.o
       222          0          0          0          0       1215   hmc5883l.o
       604         14          0          0          0       1904   iic.o
      1804        110          0         28         12     288157   main.o
       224         20          0          0          0       1945   misc.o
      1036         84          0         32          0       2571   motor_pid.o
       996         58          0         31          0       3296   pwm.o
        64         26        392          0       1536        892   startup_stm32f40_41xxx.o
       440         54          0         12          0       2510   steer_pid.o
       272         10          0          0          0       2391   stm32f4xx_exti.o
       660         44          0          0          0       4225   stm32f4xx_gpio.o
        26          0          0          0          0       1286   stm32f4xx_it.o
      1628         52          0         16          0      13072   stm32f4xx_rcc.o
       148         12          0          0          0       1909   stm32f4xx_syscfg.o
      3234         60          0          0          0      22428   stm32f4xx_tim.o
      1108         34          0          0          0       7924   stm32f4xx_usart.o
       528         46          0         20          0       1971   system_stm32f4xx.o
       452         34          0         15        200       3771   usart.o

    ----------------------------------------------------------------------
     14044        676        424        160       1748     364775   Object Totals
         0          0         32          0          0          0   (incl. Generated)
         6          0          0          2          0          0   (incl. Padding)

    ----------------------------------------------------------------------

      Code (inc. data)   RO Data    RW Data    ZI Data      Debug   Library Member Name

         8          0          0          0          0         68   __main.o
         0          0          0          0          0          0   __rtentry.o
        12          0          0          0          0          0   __rtentry2.o
         6          0          0          0          0          0   __rtentry4.o
        52          8          0          0          0          0   __scatter.o
        26          0          0          0          0          0   __scatter_copy.o
        28          0          0          0          0          0   __scatter_zi.o
        12          0          0          0          0         72   exit.o
         6          0          0          0          0        152   heapauxi.o
         2          0          0          0          0          0   libinit.o
         6          0          0          0          0          0   libinit2.o
         2          0          0          0          0          0   libshutdown.o
         2          0          0          0          0          0   libshutdown2.o
         8          4          0          0         96         68   libspace.o
         2          0          0          0          0          0   rtexit.o
        10          0          0          0          0          0   rtexit2.o
        74          0          0          0          0         80   sys_stackheap_outer.o
         2          0          0          0          0         68   use_no_semi.o
         2          0          0          0          0         68   use_no_semi_2.o
        24          0          0          0          0        164   basic.o
        98          4          0          0          0        140   d2f.o
       826         16          0          0          0        492   daddsub_clz.o
        24          0          0          0          0        116   dcmpi.o
       688        140          0          0          0        256   ddiv.o
        90          4          0          0          0        140   dfixu.o
        46          0          0          0          0        116   dflt_clz.o
       120          4          0          0          0        140   dleqf.o
       340         12          0          0          0        152   dmul.o
       156          4          0          0          0        140   dnaninf.o
        12          0          0          0          0        116   dretinf.o
       108          0          0          0          0        128   drleqf.o
        86          4          0          0          0        132   f2d.o
       140          4          0          0          0        132   fnaninf.o
        10          0          0          0          0        116   fpinit.o
        10          0          0          0          0        116   fretinf.o
         0          0          0          0          0          0   usenofp.o
       744        106        152          0          0        352   atan.o
       496         64          0          0          0        192   atan2.o
        72          8          0          0          0        372   dunder.o
        24          0          0          0          0        124   fabs.o
        48          0          0          0          0        124   fpclassify.o
       248          0          0          0          0        152   poly.o
         0          0          8          0          0          0   qnan.o

    ----------------------------------------------------------------------
      4684        382        160          0        100       4488   Library Totals
        14          0          0          0          4          0   (incl. Padding)

    ----------------------------------------------------------------------

      Code (inc. data)   RO Data    RW Data    ZI Data      Debug   Library Name

       260         12          0          0         96        576   c_w.l
      2778        192          0          0          0       2596   fz_wm.l
      1632        178        160          0          0       1316   m_wm.l

    ----------------------------------------------------------------------
      4684        382        160          0        100       4488   Library Totals

    ----------------------------------------------------------------------

==============================================================================


      Code (inc. data)   RO Data    RW Data    ZI Data      Debug   

     18728       1058        584        160       1848     363007   Grand Totals
     18728       1058        584        160       1848     363007   ELF Image Totals
     18728       1058        584        160          0          0   ROM Totals

==============================================================================

    Total RO  Size (Code + RO Data)                19312 (  18.86kB)
    Total RW  Size (RW Data + ZI Data)              2008 (   1.96kB)
    Total ROM Size (Code + RO Data + RW Data)      19472 (  19.02kB)

==============================================================================

