<html>
<body>
<pre>
<h1>礦ision Build Log</h1>
<h2>Tool Versions:</h2>
IDE-Version: μVision V5.14.0.0
Copyright (C) 2015 ARM Ltd and ARM Germany GmbH. All rights reserved.
License Information: C sj, cqupt, LIC=----
 
Tool Versions:
Toolchain:       MDK-Lite  Version: 5.14.0.0
Toolchain Path:  D:\CSJ\keil_32\ARM\ARMCC\Bin
C Compiler:      Armcc.exe V5.05 update 1 (build 106)
Assembler:       Armasm.exe V5.05 update 1 (build 106)
Linker/Locator:  ArmLink.exe V5.05 update 1 (build 106)
Library Manager: ArmAr.exe V5.05 update 1 (build 106)
Hex Converter:   FromElf.exe V5.05 update 1 (build 106)
CPU DLL:         SARMCM3.DLL V5.14.0.0
Dialog DLL:      DCM.DLL V1.13.1.0
Target DLL:      CMSIS_AGDI.dll V1.21.0.0
Dialog DLL:      TCM.DLL V1.14.4.0
 
<h2>Project:</h2>
F:\BaiduYunDownload\STM32F407VET6100PF4\STM32F407VET6_ziliao\1，STM32F4xxlicheng\例程8 PWM输出实验\USER\PWM.uvprojx
Project File Date:  07/15/2017

<h2>Output:</h2>
Build target 'PWM'
compiling main.c...
..\HARDWARE\HCSR04\hcsr04.h(4): warning:  #1295-D: Deprecated declaration hcsr04_init - give arg types
  void hcsr04_init();
..\HARDWARE\HCSR04\hcsr04.h(5): warning:  #1295-D: Deprecated declaration hcsr04_start - give arg types
  void hcsr04_start();
main.c(56): warning:  #550-D: variable "flag_dis_retreat" was set but never used
        u8 flag_dis_retreat=0;
main.c(59): warning:  #177-D: variable "last_distance" was declared but never referenced
        u32 last_distance;
main.c(61): warning:  #550-D: variable "last_distance_proceed" was set but never used
    u32 last_distance_proceed;
main.c: 5 warnings, 0 errors
linking...
Program Size: Code=18728 RO-data=584 RW-data=160 ZI-data=1848  
FromELF: creating hex file...
"..\OBJ\PWM.axf" - 0 Error(s), 5 Warning(s).

<h2>Collection of Component include folders:</h2>
  F:\BaiduYunDownload\STM32F407VET6100PF4\STM32F407VET6_ziliao\1，STM32F4xxlicheng\例程8 PWM输出实验\USER\RTE
  D:\CSJ\keil_32\ARM\PACK\Keil\STM32F4xx_DFP\2.7.0

<h2>Collection of Component Files used:</h2>
</pre>
</body>
</html>
